Archive member included because of file (symbol)

miosix\libmiosix.a(kernel.o)  main.o (_ZN6miosix6Thread5sleepEj)
miosix\libmiosix.a(error.o)   miosix\libmiosix.a(kernel.o) (_ZN6miosix12errorHandlerENS_5ErrorE)
miosix\libmiosix.a(stage_2_boot.o)
                              miosix\libmiosix.a(kernel.o) (_ZN6miosix10mainLoaderEPv)
miosix\libmiosix.a(priority_scheduler.o)
                              miosix\libmiosix.a(kernel.o) (_ZN6miosix17PriorityScheduler11PKaddThreadEPNS_6ThreadENS_25PrioritySchedulerPriorityE)
miosix\libmiosix.a(console_device.o)
                              miosix\libmiosix.a(error.o) (_ZN6miosix14DefaultConsole8instanceEv)
miosix\libmiosix.a(devfs.o)   miosix\libmiosix.a(console_device.o) (_ZNK6miosix6Device5fstatEP4stat)
miosix\libmiosix.a(libc_integration.o)
                              miosix\libmiosix.a(console_device.o) (__dso_handle)
miosix\libmiosix.a(libstdcpp_integration.o)
                              miosix\libmiosix.a(console_device.o) (__cxa_guard_acquire)
miosix\libmiosix.a(util.o)    miosix\libmiosix.a(stage_2_boot.o) (_ZN6miosix15MemoryProfiling11getHeapSizeEv)
miosix\libmiosix.a(version.o)
                              miosix\libmiosix.a(stage_2_boot.o) (_ZN6miosix16getMiosixVersionEv)
miosix\libmiosix.a(bsp.o)     miosix\libmiosix.a(stage_2_boot.o) (_ZN6miosix8shutdownEv)
miosix\libmiosix.a(interrupts_cortexMx.o)
                              miosix/arch/cortexM4_stm32f4/stm32f401re_nucleo/core/stage_1_boot.o (_Z17HardFault_Handlerv)
miosix\libmiosix.a(serial_stm32.o)
                              miosix\libmiosix.a(bsp.o) (_ZN6miosix11STM32SerialC1EiiNS0_8FlowCtrlE)
miosix\libmiosix.a(portability.o)
                              miosix/arch/cortexM4_stm32f4/stm32f401re_nucleo/core/stage_1_boot.o (_Z15SysTick_Handlerv)
miosix\libmiosix.a(delays.o)  miosix\libmiosix.a(bsp.o) (_ZN6miosix7delayMsEj)
miosix\libmiosix.a(gpio_impl.o)
                              main.o (_ZN6miosix8GpioBase8modeImplEjhNS_4Mode5Mode_E)
miosix\libmiosix.a(sd_stm32f2_f4.o)
                              miosix\libmiosix.a(bsp.o) (_ZN6miosix10SDIODriver8instanceEv)
miosix\libmiosix.a(system_stm32f4xx.o)
                              miosix/arch/cortexM4_stm32f4/stm32f401re_nucleo/core/stage_1_boot.o (SystemInit)
miosix\libmiosix.a(pthread.o)
                              miosix\libmiosix.a(devfs.o) (pthread_mutexattr_init)
miosix\libmiosix.a(file_access.o)
                              miosix\libmiosix.a(bsp.o) (_ZN6miosix17FilesystemManager8instanceEv)
miosix\libmiosix.a(file.o)    miosix\libmiosix.a(devfs.o) (_ZNK6miosix8FileBase6isattyEv)
miosix\libmiosix.a(stringpart.o)
                              miosix\libmiosix.a(devfs.o) (_ZN6miosix10StringPartC1ERSsjj)
miosix\libmiosix.a(mountpointfs.o)
                              miosix\libmiosix.a(file_access.o) (_ZTVN6miosix12MountpointFsE)
miosix\libmiosix.a(fat32.o)   miosix\libmiosix.a(file_access.o) (_ZN6miosix7Fat32FsC1ENS_17intrusive_ref_ptrINS_8FileBaseEEE)
miosix\libmiosix.a(ff.o)      miosix\libmiosix.a(fat32.o) (_Z10f_closedirP4DIR_)
miosix\libmiosix.a(diskio.o)  miosix\libmiosix.a(ff.o) (_Z9disk_readN6miosix17intrusive_ref_ptrINS_8FileBaseEEEPhmj)
miosix\libmiosix.a(wtoupper.o)
                              miosix\libmiosix.a(ff.o) (_Z11ff_wtouppert)
miosix\libmiosix.a(ccsbcs.o)  miosix\libmiosix.a(ff.o) (_Z10ff_converttj)
miosix\libmiosix.a(unicode.o)
                              miosix\libmiosix.a(ff.o) (_ZN6miosix7Unicode7putUtf8EPcDii)
c:/arm-miosix-eabi/bin/../lib/gcc/arm-miosix-eabi/4.7.3/../../../../arm-miosix-eabi/lib/thumb/cm4/hardfp/fpv4\libstdc++.a(eh_exception.o)
                              miosix\libmiosix.a(kernel.o) (_ZTISt9exception)
c:/arm-miosix-eabi/bin/../lib/gcc/arm-miosix-eabi/4.7.3/../../../../arm-miosix-eabi/lib/thumb/cm4/hardfp/fpv4\libstdc++.a(class_type_info.o)
                              main.o (_ZTVN10__cxxabiv117__class_type_infoE)
c:/arm-miosix-eabi/bin/../lib/gcc/arm-miosix-eabi/4.7.3/../../../../arm-miosix-eabi/lib/thumb/cm4/hardfp/fpv4\libstdc++.a(eh_catch.o)
                              miosix\libmiosix.a(kernel.o) (__cxa_begin_catch)
c:/arm-miosix-eabi/bin/../lib/gcc/arm-miosix-eabi/4.7.3/../../../../arm-miosix-eabi/lib/thumb/cm4/hardfp/fpv4\libstdc++.a(del_op.o)
                              main.o (_ZdlPv)
c:/arm-miosix-eabi/bin/../lib/gcc/arm-miosix-eabi/4.7.3/../../../../arm-miosix-eabi/lib/thumb/cm4/hardfp/fpv4\libstdc++.a(eh_personality.o)
                              main.o (__gxx_personality_v0)
c:/arm-miosix-eabi/bin/../lib/gcc/arm-miosix-eabi/4.7.3/../../../../arm-miosix-eabi/lib/thumb/cm4/hardfp/fpv4\libstdc++.a(si_class_type_info.o)
                              miosix\libmiosix.a(console_device.o) (_ZTVN10__cxxabiv120__si_class_type_infoE)
c:/arm-miosix-eabi/bin/../lib/gcc/arm-miosix-eabi/4.7.3/../../../../arm-miosix-eabi/lib/thumb/cm4/hardfp/fpv4\libstdc++.a(new_op.o)
[...]
Memory Configuration

Name             Origin             Length             Attributes
flash            0x08000000         0x00080000         xr
ram              0x20000200         0x00017e00         xw
*default*        0x00000000         0xffffffff

Linker script and memory map

                0x00000200                _main_stack_size = 0x200
                0x20000200                _main_stack_top = (0x20000000 + _main_stack_size)
                0x00000001                ASSERT (((_main_stack_size % 0x8) == 0x0), MAIN stack size error)
                0x20018000                _heap_end = 0x20018000
                0x00000000                . = 0x0

.text           0x08000000    0x1a634
 *(.isr_vector)
 .isr_vector    0x08000000      0x194 miosix/arch/cortexM4_stm32f4/stm32f401re_nucleo/core/stage_1_boot.o
                0x08000000                __Vectors
 *(.text)
 .text          0x08000194       0x10 c:/arm-miosix-eabi/bin/../lib/gcc/arm-miosix-eabi/4.7.3/../../../../arm-miosix-eabi/lib/thumb/cm4/hardfp/fpv4\libc.a(lib_a-abort.o)
                0x08000194                abort
 .text          0x080001a4       0x4c c:/arm-miosix-eabi/bin/../lib/gcc/arm-miosix-eabi/4.7.3/../../../../arm-miosix-eabi/lib/thumb/cm4/hardfp/fpv4\libc.a(lib_a-assert.o)
                0x080001a4                __assert_func
                0x080001e4                __assert
 .text          0x080001f0       0x14 c:/arm-miosix-eabi/bin/../lib/gcc/arm-miosix-eabi/4.7.3/../../../../arm-miosix-eabi/lib/thumb/cm4/hardfp/fpv4\libc.a(lib_a-cxa_atexit.o)
                0x080001f0                __cxa_atexit
 .text          0x08000204      0x25c c:/arm-miosix-eabi/bin/../lib/gcc/arm-miosix-eabi/4.7.3/../../../../arm-miosix-eabi/lib/thumb/cm4/hardfp/fpv4\libc.a(lib_a-findfp.o)
                0x08000204                _cleanup_r
                0x08000290                __sfmoreglue
                0x080002b8                _cleanup
                0x080002c8                __sfp_lock_acquire
                0x080002d4                __sfp_lock_release
                0x080002e0                __sinit_lock_acquire
                0x080002ec                __sinit_lock_release
                0x080002f8                __sinit
                0x08000370                __sfp
                0x08000428                __fp_lock_all
                0x08000444                __fp_unlock_all
 .text          0x08000460       0x48 c:/arm-miosix-eabi/bin/../lib/gcc/arm-miosix-eabi/4.7.3/../../../../arm-miosix-eabi/lib/thumb/cm4/hardfp/fpv4\libc.a(lib_a-fiprintf.o)
                0x08000460                _fiprintf_r
                0x08000480                fiprintf
 .text          0x080004a8       0x94 c:/arm-miosix-eabi/bin/../lib/gcc/arm-miosix-eabi/4.7.3/../../../../arm-miosix-eabi/lib/thumb/cm4/hardfp/fpv4\libc.a(lib_a-fwalk.o)
                0x080004a8                _fwalk
                0x080004f0                _fwalk_reent
 .text          0x0800053c       0x88 c:/arm-miosix-eabi/bin/../lib/gcc/arm-miosix-eabi/4.7.3/../../../../arm-miosix-eabi/lib/thumb/cm4/hardfp/fpv4\libc.a(lib_a-mallinfor.o)
                0x0800053c                __malloc_update_mallinfo
                0x08000590                _mallinfo_r
 .text          0x080005c4       0x28 c:/arm-miosix-eabi/bin/../lib/gcc/arm-miosix-eabi/4.7.3/../../../../arm-miosix-eabi/lib/thumb/cm4/hardfp/fpv4\libc.a(lib_a-malloc.o)
                0x080005c4                malloc
                0x080005d8                free
 .text          0x080005ec      0x54c c:/arm-miosix-eabi/bin/../lib/gcc/arm-miosix-eabi/4.7.3/../../../../arm-miosix-eabi/lib/thumb/cm4/hardfp/fpv4\libc.a(lib_a-mallocr.o)
                0x080005ec                _malloc_r
 .text          0x08000b38       0x94 c:/arm-miosix-eabi/bin/../lib/gcc/arm-miosix-eabi/4.7.3/../../../../arm-miosix-eabi/lib/thumb/cm4/hardfp/fpv4\libc.a(lib_a-memchr-stub.o)
                0x08000b38                memchr
 .text          0x08000bcc       0x64 c:/arm-miosix-eabi/bin/../lib/gcc/arm-miosix-eabi/4.7.3/../../../../arm-miosix-eabi/lib/thumb/cm4/hardfp/fpv4\libc.a(lib_a-memcmp.o)
                0x08000bcc                memcmp
 .text          0x08000c30       0x94 c:/arm-miosix-eabi/bin/../lib/gcc/arm-miosix-eabi/4.7.3/../../../../arm-miosix-eabi/lib/thumb/cm4/hardfp/fpv4\libc.a(lib_a-memcpy-stub.o)
                0x08000c30                memcpy
 .text          0x08000cc4       0xbc c:/arm-miosix-eabi/bin/../lib/gcc/arm-miosix-eabi/4.7.3/../../../../arm-miosix-eabi/lib/thumb/cm4/hardfp/fpv4\libc.a(lib_a-memmove.o)
                0x08000cc4                memmove
 .text          0x08000d80       0x90 c:/arm-miosix-eabi/bin/../lib/gcc/arm-miosix-eabi/4.7.3/../../../../arm-miosix-eabi/lib/thumb/cm4/hardfp/fpv4\libc.a(lib_a-memrchr.o)
                0x08000d80                memrchr
 .text          0x08000e10       0x94 c:/arm-miosix-eabi/bin/../lib/gcc/arm-miosix-eabi/4.7.3/../../../../arm-miosix-eabi/lib/thumb/cm4/hardfp/fpv4\libc.a(lib_a-memset.o)
                0x08000e10                memset
 .text          0x08000ea4       0x6c c:/arm-miosix-eabi/bin/../lib/gcc/arm-miosix-eabi/4.7.3/../../../../arm-miosix-eabi/lib/thumb/cm4/hardfp/fpv4\libc.a(lib_a-printf.o)
                0x08000ea4                _printf_r
                0x08000ed8                printf
 .text          0x08000f10       0xc4 c:/arm-miosix-eabi/bin/../lib/gcc/arm-miosix-eabi/4.7.3/../../../../arm-miosix-eabi/lib/thumb/cm4/hardfp/fpv4\libc.a(lib_a-puts.o)
                0x08000f10                _puts_r
                0x08000fc0                puts
 .text          0x08000fd4       0x2c c:/arm-miosix-eabi/bin/../lib/gcc/arm-miosix-eabi/4.7.3/../../../../arm-miosix-eabi/lib/thumb/cm4/hardfp/fpv4\libc.a(lib_a-raise.o)
                0x08000fd4                _raise_r
                0x08000fec                raise
 .text          0x08001000       0xd8 c:/arm-miosix-eabi/bin/../lib/gcc/arm-miosix-eabi/4.7.3/../../../../arm-miosix-eabi/lib/thumb/cm4/hardfp/fpv4\libc.a(lib_a-reent.o)
                0x08001000                cleanup_glue
                0x0800101c                _reclaim_reent
 .text          0x080010d8       0xb8 c:/arm-miosix-eabi/bin/../lib/gcc/arm-miosix-eabi/4.7.3/../../../../arm-miosix-eabi/lib/thumb/cm4/hardfp/fpv4\libc.a(lib_a-stdio.o)
                0x080010d8                __sread
                0x08001104                __seofread
                0x08001108                __swrite
                0x08001150                __sseek
                0x08001188                __sclose
 .text          0x08001190       0xfc c:/arm-miosix-eabi/bin/../lib/gcc/arm-miosix-eabi/4.7.3/../../../../arm-miosix-eabi/lib/thumb/cm4/hardfp/fpv4\libc.a(lib_a-strchr.o)
                0x08001190                strchr
 .text          0x0800128c      0x248 c:/arm-miosix-eabi/bin/../lib/gcc/arm-miosix-eabi/4.7.3/../../../../arm-miosix-eabi/lib/thumb/cm4/hardfp/fpv4\libc.a(lib_a-strcmp.o)
                0x0800128c                strcmp
 .text          0x080014d4       0xbc c:/arm-miosix-eabi/bin/../lib/gcc/arm-miosix-eabi/4.7.3/../../../../arm-miosix-eabi/lib/thumb/cm4/hardfp/fpv4\libc.a(lib_a-strcpy.o)
                0x080014d4                strcpy
 .text          0x08001590      0x3b4 c:/arm-miosix-eabi/bin/../lib/gcc/arm-miosix-eabi/4.7.3/../../../../arm-miosix-eabi/lib/thumb/cm4/hardfp/fpv4\libc.a(lib_a-strerror.o)
                0x08001590                _strerror_r
                0x0800192c                strerror
 .text          0x08001944       0x60 c:/arm-miosix-eabi/bin/../lib/gcc/arm-miosix-eabi/4.7.3/../../../../arm-miosix-eabi/lib/thumb/cm4/hardfp/fpv4\libc.a(lib_a-strlen.o)
                0x08001944                strlen
 .text          0x080019a4        0x4 c:/arm-miosix-eabi/bin/../lib/gcc/arm-miosix-eabi/4.7.3/../../../../arm-miosix-eabi/lib/thumb/cm4/hardfp/fpv4\libc.a(lib_a-u_strerr.o)
                0x080019a4                _user_strerror
 .text          0x080019a8      0xd90 c:/arm-miosix-eabi/bin/../lib/gcc/arm-miosix-eabi/4.7.3/../../../../arm-miosix-eabi/lib/thumb/cm4/hardfp/fpv4\libc.a(lib_a-vfiprintf.o)
                0x080019a8                __sprint_r
                0x08001a24                _vfiprintf_r
                0x0800271c                vfiprintf
 .text          0x08002738     0x1640 c:/arm-miosix-eabi/bin/../lib/gcc/arm-miosix-eabi/4.7.3/../../../../arm-miosix-eabi/lib/thumb/cm4/hardfp/fpv4\libc.a(lib_a-vfprintf.o)
                0x08002738                _vfprintf_r
                0x08003d5c                vfprintf
 .text          0x08003d78       0x64 c:/arm-miosix-eabi/bin/../lib/gcc/arm-miosix-eabi/4.7.3/../../../../arm-miosix-eabi/lib/thumb/cm4/hardfp/fpv4\libc.a(lib_a-viprintf.o)
                0x08003d78                viprintf
                0x08003db0                _viprintf_r
 .text          0x08003ddc      0x11c c:/arm-miosix-eabi/bin/../lib/gcc/arm-miosix-eabi/4.7.3/../../../../arm-miosix-eabi/lib/thumb/cm4/hardfp/fpv4\libc.a(lib_a-wsetup.o)
                0x08003ddc                __swsetup_r
 .text          0x08003ef8      0xff8 c:/arm-miosix-eabi/bin/../lib/gcc/arm-miosix-eabi/4.7.3/../../../../arm-miosix-eabi/lib/thumb/cm4/hardfp/fpv4\libc.a(lib_a-dtoa.o)
                0x08004018                _dtoa_r
 .text          0x08004ef0      0x124 c:/arm-miosix-eabi/bin/../lib/gcc/arm-miosix-eabi/4.7.3/../../../../arm-miosix-eabi/lib/thumb/cm4/hardfp/fpv4\libc.a(lib_a-fclose.o)
                0x08004ef0                _fclose_r
                0x08005000                fclose
 .text          0x08005014      0x234 c:/arm-miosix-eabi/bin/../lib/gcc/arm-miosix-eabi/4.7.3/../../../../arm-miosix-eabi/lib/thumb/cm4/hardfp/fpv4\libc.a(lib_a-fflush.o)
                0x08005014                __sflush_r
                0x08005174                _fflush_r
                0x0800521c                fflush
 .text          0x08005248      0x17c c:/arm-miosix-eabi/bin/../lib/gcc/arm-miosix-eabi/4.7.3/../../../../arm-miosix-eabi/lib/thumb/cm4/hardfp/fpv4\libc.a(lib_a-fputwc.o)
                0x08005248                _fputwc_r
                0x08005358                fputwc
 .text          0x080053c4      0x228 c:/arm-miosix-eabi/bin/../lib/gcc/arm-miosix-eabi/4.7.3/../../../../arm-miosix-eabi/lib/thumb/cm4/hardfp/fpv4\libc.a(lib_a-freer.o)
                0x080053c4                _malloc_trim_r
                0x0800545c                _free_r
 .text          0x080055ec      0x32c c:/arm-miosix-eabi/bin/../lib/gcc/arm-miosix-eabi/4.7.3/../../../../arm-miosix-eabi/lib/thumb/cm4/hardfp/fpv4\libc.a(lib_a-fvwrite.o)
                0x080055ec                __sfvwrite_r
 .text          0x08005918       0x94 c:/arm-miosix-eabi/bin/../lib/gcc/arm-miosix-eabi/4.7.3/../../../../arm-miosix-eabi/lib/thumb/cm4/hardfp/fpv4\libc.a(lib_a-locale.o)
                0x08005918                _setlocale_r
                0x08005958                __locale_charset
                0x08005964                __locale_mb_cur_max
                0x08005970                __locale_msgcharset
                0x08005978                __locale_cjk_lang
                0x0800597c                _localeconv_r
                0x08005984                setlocale
                0x0800599c                localeconv
 .text          0x080059ac       0xf0 c:/arm-miosix-eabi/bin/../lib/gcc/arm-miosix-eabi/4.7.3/../../../../arm-miosix-eabi/lib/thumb/cm4/hardfp/fpv4\libc.a(lib_a-makebuf.o)
                0x080059ac                __smakebuf_r
 .text          0x08005a9c      0x934 c:/arm-miosix-eabi/bin/../lib/gcc/arm-miosix-eabi/4.7.3/../../../../arm-miosix-eabi/lib/thumb/cm4/hardfp/fpv4\libc.a(lib_a-mprec.o)
                0x08005a9c                _Balloc
                0x08005b04                _Bfree
                0x08005b3c                __multadd
                0x08005bc8                __s2b
                0x08005c64                __hi0bits
                0x08005ca0                __lo0bits
                0x08005cfc                __i2b
                0x08005d10                __multiply
                0x08005e54                __pow5mult
                0x08005ef8                __lshift
                0x08005fac                __mcmp
                0x08005fe8                __mdiff
                0x080060c4                __ulp
                0x08006118                __b2d
                0x080061dc                __d2b
                0x08006290                __ratio
                0x080062f4                _mprec_log10
                0x08006330                __copybits
                0x08006378                __any_on
 .text          0x080063d0      0x3ec c:/arm-miosix-eabi/bin/../lib/gcc/arm-miosix-eabi/4.7.3/../../../../arm-miosix-eabi/lib/thumb/cm4/hardfp/fpv4\libc.a(lib_a-reallocr.o)
                0x080063d0                _realloc_r
 .text          0x080067bc       0x54 c:/arm-miosix-eabi/bin/../lib/gcc/arm-miosix-eabi/4.7.3/../../../../arm-miosix-eabi/lib/thumb/cm4/hardfp/fpv4\libc.a(lib_a-s_fpclassify.o)
                0x080067bc                __fpclassifyd
 .text          0x08006810      0x104 c:/arm-miosix-eabi/bin/../lib/gcc/arm-miosix-eabi/4.7.3/../../../../arm-miosix-eabi/lib/thumb/cm4/hardfp/fpv4\libc.a(lib_a-wbuf.o)
                0x08006810                __swbuf_r
                0x080068fc                __swbuf
 .text          0x08006914       0xb4 c:/arm-miosix-eabi/bin/../lib/gcc/arm-miosix-eabi/4.7.3/../../../../arm-miosix-eabi/lib/thumb/cm4/hardfp/fpv4\libc.a(lib_a-wcrtomb.o)
                0x08006914                _wcrtomb_r
                0x08006964                wcrtomb
 .text          0x080069c8       0x4c c:/arm-miosix-eabi/bin/../lib/gcc/arm-miosix-eabi/4.7.3/../../../../arm-miosix-eabi/lib/thumb/cm4/hardfp/fpv4\libc.a(lib_a-wctomb_r.o)
                0x080069c8                __ascii_wctomb
                0x080069e4                _wctomb_r
 .text          0x08006a14       0x60 c:/arm-miosix-eabi/bin/../lib/gcc/arm-miosix-eabi/4.7.3/../../../../arm-miosix-eabi/lib/thumb/cm4/hardfp/fpv4\libc.a(lib_a-callocr.o)
                0x08006a14                _calloc_r
 .text          0x08006a74      0x370 c:/arm-miosix-eabi/bin/../lib/gcc/arm-miosix-eabi/4.7.3/thumb/cm4/hardfp/fpv4\libgcc.a(_arm_addsubdf3.o)
                0x08006a74                __aeabi_drsub
                0x08006a7c                __aeabi_dsub
                0x08006a7c                __subdf3
                0x08006a80                __aeabi_dadd
                0x08006a80                __adddf3
                0x08006cf8                __floatunsidf
                0x08006cf8                __aeabi_ui2d
                0x08006d18                __floatsidf
                0x08006d18                __aeabi_i2d
                0x08006d3c                __aeabi_f2d
                0x08006d3c                __extendsfdf2
                0x08006d78                __floatundidf
                0x08006d78                __aeabi_ul2d
                0x08006d88                __floatdidf
                0x08006d88                __aeabi_l2d
 .text          0x08006de4      0x424 c:/arm-miosix-eabi/bin/../lib/gcc/arm-miosix-eabi/4.7.3/thumb/cm4/hardfp/fpv4\libgcc.a(_arm_muldivdf3.o)
                0x08006de4                __aeabi_dmul
                0x08006de4                __muldf3
                0x08007038                __divdf3
                0x08007038                __aeabi_ddiv
 .text          0x08007208      0x110 c:/arm-miosix-eabi/bin/../lib/gcc/arm-miosix-eabi/4.7.3/thumb/cm4/hardfp/fpv4\libgcc.a(_arm_cmpdf2.o)
                0x08007208                __gtdf2
                0x08007208                __gedf2
                0x08007210                __ltdf2
                0x08007210                __ledf2
                0x08007218                __nedf2
                0x08007218                __eqdf2
                0x08007218                __cmpdf2
                0x08007294                __aeabi_cdrcmple
                0x080072a4                __aeabi_cdcmpeq
                0x080072a4                __aeabi_cdcmple
                0x080072b4                __aeabi_dcmpeq
                0x080072c8                __aeabi_dcmplt
                0x080072dc                __aeabi_dcmple
                0x080072f0                __aeabi_dcmpge
                0x08007304                __aeabi_dcmpgt
 .text          0x08007318       0x50 c:/arm-miosix-eabi/bin/../lib/gcc/arm-miosix-eabi/4.7.3/thumb/cm4/hardfp/fpv4\libgcc.a(_arm_fixdfsi.o)
                0x08007318                __aeabi_d2iz
                0x08007318                __fixdfsi
 .text          0x08007368       0x2c c:/arm-miosix-eabi/bin/../lib/gcc/arm-miosix-eabi/4.7.3/thumb/cm4/hardfp/fpv4\libgcc.a(_aeabi_uldivmod.o)
                0x08007368                __aeabi_uldivmod
 .text          0x08007394       0x58 c:/arm-miosix-eabi/bin/../lib/gcc/arm-miosix-eabi/4.7.3/thumb/cm4/hardfp/fpv4\libgcc.a(bpabi.o)
                0x08007394                __gnu_ldivmod_helper
                0x080073c0                __gnu_uldivmod_helper
 .text          0x080073ec      0x9fc c:/arm-miosix-eabi/bin/../lib/gcc/arm-miosix-eabi/4.7.3/thumb/cm4/hardfp/fpv4\libgcc.a(unwind-arm.o)
                0x080076b0                _Unwind_GetCFA
                0x080076b4                __gnu_Unwind_RaiseException
                0x08007714                __gnu_Unwind_ForcedUnwind
                0x0800772c                __gnu_Unwind_Resume
                0x08007770                __gnu_Unwind_Resume_or_Rethrow
                0x08007788                _Unwind_Complete
                0x0800778c                _Unwind_DeleteException
                0x0800779c                _Unwind_VRS_Get
                0x080077e4                _Unwind_VRS_Set
                0x08007af8                __aeabi_unwind_cpp_pr2
                0x08007b00                __aeabi_unwind_cpp_pr1
                0x08007b08                __aeabi_unwind_cpp_pr0
                0x08007b10                __gnu_Unwind_Backtrace
                0x08007b80                _Unwind_VRS_Pop
 .text          0x08007de8      0x1ac c:/arm-miosix-eabi/bin/../lib/gcc/arm-miosix-eabi/4.7.3/thumb/cm4/hardfp/fpv4\libgcc.a(libunwind.o)
                0x08007de8                __restore_core_regs
                0x08007de8                restore_core_regs
                0x08007e00                __gnu_Unwind_Restore_VFP
                0x08007e08                __gnu_Unwind_Save_VFP
                0x08007e10                __gnu_Unwind_Restore_VFP_D
                0x08007e18                __gnu_Unwind_Save_VFP_D
                0x08007e20                __gnu_Unwind_Restore_VFP_D_16_to_31
                0x08007e28                __gnu_Unwind_Save_VFP_D_16_to_31
                0x08007e30                __gnu_Unwind_Restore_WMMXD
                0x08007e74                __gnu_Unwind_Save_WMMXD
                0x08007eb8                __gnu_Unwind_Restore_WMMXC
                0x08007ecc                __gnu_Unwind_Save_WMMXC
                0x08007ee0                ___Unwind_RaiseException
                0x08007ee0                _Unwind_RaiseException
                0x08007f04                _Unwind_Resume
                0x08007f04                ___Unwind_Resume
                0x08007f28                _Unwind_Resume_or_Rethrow
                0x08007f28                ___Unwind_Resume_or_Rethrow
                0x08007f4c                _Unwind_ForcedUnwind
                0x08007f4c                ___Unwind_ForcedUnwind
                0x08007f70                ___Unwind_Backtrace
                0x08007f70                _Unwind_Backtrace
 .text          0x08007f94      0x3a0 c:/arm-miosix-eabi/bin/../lib/gcc/arm-miosix-eabi/4.7.3/thumb/cm4/hardfp/fpv4\libgcc.a(pr-support.o)
                0x08007fe0                __gnu_unwind_execute
                0x080082dc                __gnu_unwind_frame
                0x08008304                _Unwind_GetRegionStart
                0x08008310                _Unwind_GetLanguageSpecificData
                0x08008324                _Unwind_GetDataRelBase
                0x0800832c                _Unwind_GetTextRelBase
 .text          0x08008334        0x4 c:/arm-miosix-eabi/bin/../lib/gcc/arm-miosix-eabi/4.7.3/thumb/cm4/hardfp/fpv4\libgcc.a(_dvmd_tls.o)
                0x08008334                __aeabi_idiv0
                0x08008334                __aeabi_ldiv0
 .text          0x08008338      0x2c8 c:/arm-miosix-eabi/bin/../lib/gcc/arm-miosix-eabi/4.7.3/thumb/cm4/hardfp/fpv4\libgcc.a(_divdi3.o)
                0x08008338                __divdi3
 .text          0x08008600      0x29c c:/arm-miosix-eabi/bin/../lib/gcc/arm-miosix-eabi/4.7.3/thumb/cm4/hardfp/fpv4\libgcc.a(_udivdi3.o)
                0x08008600                __udivdi3
 *(.text.*)
 .text._ZN13LSM6DSLSensorD2Ev
                0x0800889c        0xc main.o
                0x0800889c                _ZN13LSM6DSLSensorD1Ev
                0x0800889c                _ZN13LSM6DSLSensorD2Ev
 .text._ZN13LSM6DSLSensorD0Ev
                0x080088a8       0x14 main.o
                0x080088a8                _ZN13LSM6DSLSensorD0Ev
 .text.startup.main
                0x080088bc       0xbc main.o
                0x080088bc                main
 .text._ZN13LSM6DSLSensor7read_idEPh
                0x08008978       0x18 LSM6DSLSensor.o
                0x08008978                _ZN13LSM6DSLSensor7read_idEPh
 .text._ZN13LSM6DSLSensor17get_x_sensitivityEPf
                0x08008990       0x74 LSM6DSLSensor.o
                0x08008990                _ZN13LSM6DSLSensor17get_x_sensitivityEPf
 .text._ZN13LSM6DSLSensor17get_g_sensitivityEPf
                0x08008a04       0x8c LSM6DSLSensor.o
                0x08008a04                _ZN13LSM6DSLSensor17get_g_sensitivityEPf
 .text._ZN13LSM6DSLSensor14get_x_axes_rawEPs
                0x08008a90       0x5c LSM6DSLSensor.o
                0x08008a90                _ZN13LSM6DSLSensor14get_x_axes_rawEPs
 .text._ZN13LSM6DSLSensor10get_x_axesEPl
                0x08008aec       0x78 LSM6DSLSensor.o
                0x08008aec                _ZN13LSM6DSLSensor10get_x_axesEPl
 .text._ZN13LSM6DSLSensor14get_g_axes_rawEPs
                0x08008b64       0x5c LSM6DSLSensor.o
                0x08008b64                _ZN13LSM6DSLSensor14get_g_axes_rawEPs
 .text._ZN13LSM6DSLSensor10get_g_axesEPl
                0x08008bc0       0x78 LSM6DSLSensor.o
                0x08008bc0                _ZN13LSM6DSLSensor10get_g_axesEPl
 .text._ZN13LSM6DSLSensor22set_x_odr_when_enabledEf
                0x08008c38       0xd0 LSM6DSLSensor.o
                0x08008c38                _ZN13LSM6DSLSensor22set_x_odr_when_enabledEf
 .text._ZN13LSM6DSLSensor8enable_xEv
                0x08008d08       0x24 LSM6DSLSensor.o
                0x08008d08                _ZN13LSM6DSLSensor8enable_xEv
 .text._ZN13LSM6DSLSensor22set_g_odr_when_enabledEf
                0x08008d2c       0xd0 LSM6DSLSensor.o
                0x08008d2c                _ZN13LSM6DSLSensor22set_g_odr_when_enabledEf
 .text._ZN13LSM6DSLSensor8enable_gEv
                0x08008dfc       0x24 LSM6DSLSensor.o
                0x08008dfc                _ZN13LSM6DSLSensor8enable_gEv
 .text._ZN6miosix11SoftwareI2CINS_4GpioILj1073873920ELh9EEENS1_ILj1073873920ELh8EEELj50ELb0EE4initEv
                0x08008e20       0x30 LSM6DSLSensor.o
                0x08008e20                _ZN6miosix11SoftwareI2CINS_4GpioILj1073873920ELh9EEENS1_ILj1073873920ELh8EEELj50ELb0EE4initEv
 .text._ZN6miosix11SoftwareI2CINS_4GpioILj1073873920ELh9EEENS1_ILj1073873920ELh8EEELj50ELb0EE9sendStartEv
                0x08008e50       0x28 LSM6DSLSensor.o
                0x08008e50                _ZN6miosix11SoftwareI2CINS_4GpioILj1073873920ELh9EEENS1_ILj1073873920ELh8EEELj50ELb0EE9sendStartEv
 .text._ZN6miosix11SoftwareI2CINS_4GpioILj1073873920ELh9EEENS1_ILj1073873920ELh8EEELj50ELb0EE22waitForClockStretchingEv
                0x08008e78       0x30 LSM6DSLSensor.o
                0x08008e78                _ZN6miosix11SoftwareI2CINS_4GpioILj1073873920ELh9EEENS1_ILj1073873920ELh8EEELj50ELb0EE22waitForClockStretchingEv
 .text._ZN6miosix11SoftwareI2CINS_4GpioILj1073873920ELh9EEENS1_ILj1073873920ELh8EEELj50ELb0EE4sendEh
                0x08008ea8       0x94 LSM6DSLSensor.o
                0x08008ea8                _ZN6miosix11SoftwareI2CINS_4GpioILj1073873920ELh9EEENS1_ILj1073873920ELh8EEELj50ELb0EE4sendEh
 .text._ZN6miosix11SoftwareI2CINS_4GpioILj1073873920ELh9EEENS1_ILj1073873920ELh8EEELj50ELb0EE12recvWithNackEv
                0x08008f3c       0x80 LSM6DSLSensor.o
                0x08008f3c                _ZN6miosix11SoftwareI2CINS_4GpioILj1073873920ELh9EEENS1_ILj1073873920ELh8EEELj50ELb0EE12recvWithNackEv
 .text._ZN6miosix11SoftwareI2CINS_4GpioILj1073873920ELh9EEENS1_ILj1073873920ELh8EEELj50ELb0EE8sendStopEv
                0x08008fbc       0x34 LSM6DSLSensor.o
                0x08008fbc                _ZN6miosix11SoftwareI2CINS_4GpioILj1073873920ELh9EEENS1_ILj1073873920ELh8EEELj50ELb0EE8sendStopEv
 .text.LSM6DSL_io_read
                0x08008ff0       0x9c LSM6DSLSensor.o
                0x08008ff0                LSM6DSL_io_read
 .text.LSM6DSL_io_write
                0x0800908c       0x58 LSM6DSLSensor.o
                0x0800908c                LSM6DSL_io_write
 .text.LSM6DSL_ACC_GYRO_read_reg
                0x080090e4       0x10 LSM6DSL_acc_gyro_driver.o
                0x080090e4                LSM6DSL_ACC_GYRO_read_reg
 .text.LSM6DSL_ACC_GYRO_write_reg
                0x080090f4       0x10 LSM6DSL_acc_gyro_driver.o
                0x080090f4                LSM6DSL_ACC_GYRO_write_reg
 .text.LSM6DSL_ACC_GYRO_R_WHO_AM_I
                0x08009104       0x14 LSM6DSL_acc_gyro_driver.o
                0x08009104                LSM6DSL_ACC_GYRO_R_WHO_AM_I
 .text.LSM6DSL_ACC_GYRO_R_FS_XL
                0x08009118       0x1c LSM6DSL_acc_gyro_driver.o
                0x08009118                LSM6DSL_ACC_GYRO_R_FS_XL
 .text.LSM6DSL_ACC_GYRO_GetRawAccData
                0x08009134       0x38 LSM6DSL_acc_gyro_driver.o
                0x08009134                LSM6DSL_ACC_GYRO_GetRawAccData
 .text.LSM6DSL_ACC_GYRO_W_ODR_XL
                0x0800916c       0x3c LSM6DSL_acc_gyro_driver.o
                0x0800916c                LSM6DSL_ACC_GYRO_W_ODR_XL
 .text.LSM6DSL_ACC_GYRO_R_FS_G
                0x080091a8       0x1c LSM6DSL_acc_gyro_driver.o
                0x080091a8                LSM6DSL_ACC_GYRO_R_FS_G
 .text.LSM6DSL_ACC_GYRO_GetRawGyroData
                0x080091c4       0x38 LSM6DSL_acc_gyro_driver.o
                0x080091c4                LSM6DSL_ACC_GYRO_GetRawGyroData
 .text.LSM6DSL_ACC_GYRO_W_ODR_G
                0x080091fc       0x3c LSM6DSL_acc_gyro_driver.o
                0x080091fc                LSM6DSL_ACC_GYRO_W_ODR_G
 .text.LSM6DSL_ACC_GYRO_R_FS_125
                0x08009238       0x1c LSM6DSL_acc_gyro_driver.o
                0x08009238                LSM6DSL_ACC_GYRO_R_FS_125
 .text.Default_Handler
                0x08009254        0x4 miosix/arch/cortexM4_stm32f4/stm32f401re_nucleo/core/stage_1_boot.o
                0x08009254                _Z15SPI4_IRQHandlerv
                0x08009254                _Z23DMA2_Stream1_IRQHandlerv
                0x08009254                _Z23DMA2_Stream6_IRQHandlerv
                0x08009254                _Z23DMA2_Stream5_IRQHandlerv
                0x08009254                _Z16EXTI1_IRQHandlerv
                0x08009254                _Z15WWDG_IRQHandlerv
                0x08009254                _Z14RCC_IRQHandlerv
                0x08009254                _Z15TIM5_IRQHandlerv
                0x08009254                _Z23DMA1_Stream3_IRQHandlerv
                0x08009254                _Z23DMA1_Stream0_IRQHandlerv
                0x08009254                _Z23DMA1_Stream2_IRQHandlerv
                0x08009254                _Z20EXTI15_10_IRQHandlerv
                0x08009254                _Z16EXTI4_IRQHandlerv
                0x08009254                _Z15SPI1_IRQHandlerv
                0x08009254                _Z23DMA1_Stream7_IRQHandlerv
                0x08009254                _Z21TAMP_STAMP_IRQHandlerv
                0x08009254                _Z14ADC_IRQHandlerv
                0x08009254                _Z17USART6_IRQHandlerv
                0x08009254                _Z16EXTI2_IRQHandlerv
                0x08009254                _Z15SPI2_IRQHandlerv
                0x08009254                _Z18I2C1_EV_IRQHandlerv
                0x08009254                _Z20RTC_Alarm_IRQHandlerv
                0x08009254                _Z19RTC_WKUP_IRQHandlerv
                0x08009254                _Z18I2C3_ER_IRQHandlerv
                0x08009254                _Z24TIM1_BRK_TIM9_IRQHandlerv
                0x08009254                _Z18I2C2_ER_IRQHandlerv
                0x08009254                _Z29TIM1_TRG_COM_TIM11_IRQHandlerv
                0x08009254                Default_Handler
                0x08009254                _Z18TIM1_CC_IRQHandlerv
                0x08009254                _Z15TIM2_IRQHandlerv
                0x08009254                _Z18I2C3_EV_IRQHandlerv
                0x08009254                _Z23DMA2_Stream7_IRQHandlerv
                0x08009254                _Z16FLASH_IRQHandlerv
                0x08009254                _Z22OTG_FS_WKUP_IRQHandlerv
                0x08009254                _Z16EXTI3_IRQHandlerv
                0x08009254                _Z23DMA1_Stream1_IRQHandlerv
                0x08009254                _Z14FPU_IRQHandlerv
                0x08009254                _Z23DMA2_Stream0_IRQHandlerv
                0x08009254                _Z14PVD_IRQHandlerv
                0x08009254                _Z23DMA2_Stream2_IRQHandlerv
                0x08009254                _Z23DMA1_Stream4_IRQHandlerv
                0x08009254                _Z18I2C1_ER_IRQHandlerv
                0x08009254                _Z15TIM3_IRQHandlerv
                0x08009254                _Z23DMA2_Stream4_IRQHandlerv
                0x08009254                _Z24TIM1_UP_TIM10_IRQHandlerv
                0x08009254                _Z17OTG_FS_IRQHandlerv
                0x08009254                _Z18I2C2_EV_IRQHandlerv
                0x08009254                _Z15SPI3_IRQHandlerv
                0x08009254                _Z15TIM4_IRQHandlerv
                0x08009254                _Z16EXTI0_IRQHandlerv
                0x08009254                _Z18EXTI9_5_IRQHandlerv
 .text._Z15program_startupv
                0x08009258       0x5c miosix/arch/cortexM4_stm32f4/stm32f401re_nucleo/core/stage_1_boot.o
                0x08009258                _Z15program_startupv
 .text._Z13Reset_Handlerv
                0x080092b4       0x24 miosix/arch/cortexM4_stm32f4/stm32f401re_nucleo/core/stage_1_boot.o
                0x080092b4                _Z13Reset_Handlerv
 .text._Z8errorLogPKcz
                0x080092d8       0x20 miosix\libmiosix.a(kernel.o)
                0x080092d8                _Z8errorLogPKcz
 .text._ZN6miosix17disableInterruptsEv
                0x080092f8       0x24 miosix\libmiosix.a(kernel.o)
                0x080092f8                _ZN6miosix17disableInterruptsEv
 .text._ZN6miosix16enableInterruptsEv
                0x0800931c       0x28 miosix\libmiosix.a(kernel.o)
                0x0800931c                _ZN6miosix16enableInterruptsEv
 .text._ZN6miosix11pauseKernelEv
                0x08009344       0x2c miosix\libmiosix.a(kernel.o)
                0x08009344                _ZN6miosix11pauseKernelEv
 .text._ZN6miosix13restartKernelEv
                0x08009370       0x40 miosix\libmiosix.a(kernel.o)
                0x08009370                _ZN6miosix13restartKernelEv
 .text._ZN6miosix10idleThreadEPv
                0x080093b0       0x2c miosix\libmiosix.a(kernel.o)
                0x080093b0                _ZN6miosix10idleThreadEPv
 .text._ZN6miosix20areInterruptsEnabledEv
                0x080093dc       0x10 miosix\libmiosix.a(kernel.o)
                0x080093dc                _ZN6miosix20areInterruptsEnabledEv
 .text._ZN6miosix20IRQaddToSleepingListEPNS_9SleepDataE
                0x080093ec       0x48 miosix\libmiosix.a(kernel.o)
                0x080093ec                _ZN6miosix20IRQaddToSleepingListEPNS_9SleepDataE
 .text._ZN6miosix14IRQwakeThreadsEv
                0x08009434       0x64 miosix\libmiosix.a(kernel.o)
                0x08009434                _ZN6miosix14IRQwakeThreadsEv
 .text._ZN6miosix6Thread5yieldEv
                0x08009498        0x8 miosix\libmiosix.a(kernel.o)
                0x08009498                _ZN6miosix6Thread5yieldEv
 .text._ZN6miosix6Thread5sleepEj
                0x080094a0       0x78 miosix\libmiosix.a(kernel.o)
                0x080094a0                _ZN6miosix6Thread5sleepEj
 .text._ZN6miosix6Thread16getCurrentThreadEv
                0x08009518        0xc miosix\libmiosix.a(kernel.o)
                0x08009518                _ZN6miosix6Thread16getCurrentThreadEv
 .text._ZN6miosix6Thread19IRQgetCurrentThreadEv
                0x08009524        0xc miosix\libmiosix.a(kernel.o)
                0x08009524                _ZN6miosix6Thread19IRQgetCurrentThreadEv
 .text._ZN6miosix6Thread14IRQgetPriorityEv
                0x08009530        0x4 miosix\libmiosix.a(kernel.o)
                0x08009530                _ZN6miosix6Thread14IRQgetPriorityEv
 .text._ZN6miosix6Thread7IRQwaitEv
                0x08009534       0x14 miosix\libmiosix.a(kernel.o)
                0x08009534                _ZN6miosix6Thread7IRQwaitEv
 .text._ZN6miosix6Thread9IRQwakeupEv
                0x08009548        0xc miosix\libmiosix.a(kernel.o)
                0x08009548                _ZN6miosix6Thread9IRQwakeupEv
 .text._ZN6miosix6Thread14threadLauncherEPFPvS1_ES1_
                0x08009554       0x9c miosix\libmiosix.a(kernel.o)
                0x08009554                _ZN6miosix6Thread14threadLauncherEPFPvS1_ES1_
 .text._ZN6miosix6ThreadC2EPjjb
                0x080095f0       0x8c miosix\libmiosix.a(kernel.o)
                0x080095f0                _ZN6miosix6ThreadC1EPjjb
                0x080095f0                _ZN6miosix6ThreadC2EPjjb
 .text._ZN6miosix6ThreadD2Ev
                0x0800967c       0x50 miosix\libmiosix.a(kernel.o)
                0x0800967c                _ZN6miosix6ThreadD2Ev
                0x0800967c                _ZN6miosix6ThreadD1Ev
 .text._ZN6miosix6Thread8doCreateEPFPvS1_EjS1_tb
                0x080096cc       0x94 miosix\libmiosix.a(kernel.o)
                0x080096cc                _ZN6miosix6Thread8doCreateEPFPvS1_EjS1_tb
 .text._ZN6miosix11startKernelEv
                0x08009760       0x74 miosix\libmiosix.a(kernel.o)
                0x08009760                _ZN6miosix11startKernelEv
 .text._ZN6miosix12errorHandlerENS_5ErrorE
                0x080097d4      0x2e0 miosix\libmiosix.a(error.o)
                0x080097d4                _ZN6miosix12errorHandlerENS_5ErrorE
 .text._Z7bootlogPKcz
                0x08009ab4       0x20 miosix\libmiosix.a(stage_2_boot.o)
                0x08009ab4                _Z7bootlogPKcz
 .text._ZN6miosix10mainLoaderEPv
                0x08009ad4      0x100 miosix\libmiosix.a(stage_2_boot.o)
                0x08009ad4                _ZN6miosix10mainLoaderEPv
 .text._init    0x08009bd4       0xa4 miosix\libmiosix.a(stage_2_boot.o)
                0x08009bd4                _init
 .text._ZN6miosix17PriorityScheduler11PKaddThreadEPNS_6ThreadENS_25PrioritySchedulerPriorityE
                0x08009c78       0x28 miosix\libmiosix.a(priority_scheduler.o)
                0x08009c78                _ZN6miosix17PriorityScheduler11PKaddThreadEPNS_6ThreadENS_25PrioritySchedulerPriorityE
 .text._ZN6miosix17PriorityScheduler19PKremoveDeadThreadsEv
                0x08009ca0       0xa0 miosix\libmiosix.a(priority_scheduler.o)
                0x08009ca0                _ZN6miosix17PriorityScheduler19PKremoveDeadThreadsEv
 .text._ZN6miosix17PriorityScheduler16IRQsetIdleThreadEPNS_6ThreadE
                0x08009d40       0x14 miosix\libmiosix.a(priority_scheduler.o)
                0x08009d40                _ZN6miosix17PriorityScheduler16IRQsetIdleThreadEPNS_6ThreadE
 .text._ZN6miosix17PriorityScheduler17IRQfindNextThreadEv
                0x08009d54       0x60 miosix\libmiosix.a(priority_scheduler.o)
                0x08009d54                _ZN6miosix17PriorityScheduler17IRQfindNextThreadEv
 .text._ZN6miosix14TerminalDevice5writeEPKvj
                0x08009db4       0xac miosix\libmiosix.a(console_device.o)
                0x08009db4                _ZN6miosix14TerminalDevice5writeEPKvj
 .text._ZN6miosix14TerminalDevice5lseekExi
                0x08009e60        0xc miosix\libmiosix.a(console_device.o)
                0x08009e60                _ZN6miosix14TerminalDevice5lseekExi
 .text._ZNK6miosix14TerminalDevice6isattyEv
                0x08009e6c        0xc miosix\libmiosix.a(console_device.o)
                0x08009e6c                _ZNK6miosix14TerminalDevice6isattyEv
 .text._ZN6miosix33IntrusiveRefCountedSharedFromThisINS_6DeviceEED2Ev
                0x08009e78        0xc miosix\libmiosix.a(console_device.o)
                0x08009e78                _ZN6miosix33IntrusiveRefCountedSharedFromThisINS_6DeviceEED2Ev
                0x08009e78                _ZN6miosix33IntrusiveRefCountedSharedFromThisINS_6DeviceEED1Ev
 .text._ZN6miosix33IntrusiveRefCountedSharedFromThisINS_6DeviceEED0Ev
                0x08009e84       0x14 miosix\libmiosix.a(console_device.o)
                0x08009e84                _ZN6miosix33IntrusiveRefCountedSharedFromThisINS_6DeviceEED0Ev
 .text._ZNK6miosix14TerminalDevice5fstatEP4stat
                0x08009e98        0x8 miosix\libmiosix.a(console_device.o)
                0x08009e98                _ZNK6miosix14TerminalDevice5fstatEP4stat
 .text._ZN6miosix14TerminalDevice5ioctlEiPv
                0x08009ea0       0x74 miosix\libmiosix.a(console_device.o)
                0x08009ea0                _ZN6miosix14TerminalDevice5ioctlEiPv
 .text._ZN6miosix14DefaultConsoleD2Ev
                0x08009f14       0x30 miosix\libmiosix.a(console_device.o)
                0x08009f14                _ZN6miosix14DefaultConsoleD1Ev
                0x08009f14                _ZN6miosix14DefaultConsoleD2Ev
 .text._ZN6miosix14TerminalDevice8echoBackEPKcS2_j
                0x08009f44       0x60 miosix\libmiosix.a(console_device.o)
                0x08009f44                _ZN6miosix14TerminalDevice8echoBackEPKcS2_j
 .text._ZN6miosix14TerminalDevice9normalizeEPcii
                0x08009fa4       0xf4 miosix\libmiosix.a(console_device.o)
                0x08009fa4                _ZN6miosix14TerminalDevice9normalizeEPcii
 .text._ZN6miosix14TerminalDevice4readEPvj
                0x0800a098       0xac miosix\libmiosix.a(console_device.o)
                0x0800a098                _ZN6miosix14TerminalDevice4readEPvj
 .text._ZN6miosix14DefaultConsoleC2Ev
                0x0800a144       0x34 miosix\libmiosix.a(console_device.o)
                0x0800a144                _ZN6miosix14DefaultConsoleC1Ev
                0x0800a144                _ZN6miosix14DefaultConsoleC2Ev
 .text._ZN6miosix14DefaultConsole8instanceEv
                0x0800a178       0x4c miosix\libmiosix.a(console_device.o)
                0x0800a178                _ZN6miosix14DefaultConsole8instanceEv
 .text._ZN6miosix12atomic_storeINS_6DeviceEEEvPNS_17intrusive_ref_ptrIT_EES4_
                0x0800a1c4       0x44 miosix\libmiosix.a(console_device.o)
                0x0800a1c4                _ZN6miosix12atomic_storeINS_6DeviceEEEvPNS_17intrusive_ref_ptrIT_EES4_
 .text._ZN6miosix17intrusive_ref_ptrINS_6DeviceEE5resetEv
                0x0800a208       0x2c miosix\libmiosix.a(console_device.o)
                0x0800a208                _ZN6miosix17intrusive_ref_ptrINS_6DeviceEE5resetEv
 .text._ZN6miosix14TerminalDeviceD2Ev
                0x0800a234       0x58 miosix\libmiosix.a(console_device.o)
                0x0800a234                _ZN6miosix14TerminalDeviceD2Ev
                0x0800a234                _ZN6miosix14TerminalDeviceD1Ev
 .text._ZN6miosix14TerminalDeviceC2ENS_17intrusive_ref_ptrINS_6DeviceEEE
                0x0800a28c       0xac miosix\libmiosix.a(console_device.o)
                0x0800a28c                _ZN6miosix14TerminalDeviceC1ENS_17intrusive_ref_ptrINS_6DeviceEEE
                0x0800a28c                _ZN6miosix14TerminalDeviceC2ENS_17intrusive_ref_ptrINS_6DeviceEEE
 .text._ZN6miosix14DefaultConsole6IRQsetENS_17intrusive_ref_ptrINS_6DeviceEEE
                0x0800a338       0x50 miosix\libmiosix.a(console_device.o)
                0x0800a338                _ZN6miosix14DefaultConsole6IRQsetENS_17intrusive_ref_ptrINS_6DeviceEEE
 .text._ZN6miosix14TerminalDeviceD0Ev
                0x0800a388       0x5c miosix\libmiosix.a(console_device.o)
                0x0800a388                _ZN6miosix14TerminalDeviceD0Ev
 .text._ZN6miosix9DevFsFile5writeEPKvj
                0x0800a3e4       0x5c miosix\libmiosix.a(devfs.o)
                0x0800a3e4                _ZN6miosix9DevFsFile5writeEPKvj
 .text._ZN6miosix9DevFsFile4readEPvj
                0x0800a440       0x5c miosix\libmiosix.a(devfs.o)
                0x0800a440                _ZN6miosix9DevFsFile4readEPvj
 .text._ZN6miosix9DevFsFile5lseekExi
                0x0800a49c       0x50 miosix\libmiosix.a(devfs.o)
                0x0800a49c                _ZN6miosix9DevFsFile5lseekExi
 .text._ZNK6miosix9DevFsFile6isattyEv
                0x0800a4ec        0xc miosix\libmiosix.a(devfs.o)
                0x0800a4ec                _ZNK6miosix9DevFsFile6isattyEv
 .text._ZN6miosix9DevFsFile5ioctlEiPv
                0x0800a4f8        0xc miosix\libmiosix.a(devfs.o)
                0x0800a4f8                _ZN6miosix9DevFsFile5ioctlEiPv
 .text._ZNK6miosix6Device6isattyEv
                0x0800a504        0x4 miosix\libmiosix.a(devfs.o)
                0x0800a504                _ZNK6miosix6Device6isattyEv
 .text._ZN6miosix6Device10writeBlockEPKvjx
                0x0800a508        0x4 miosix\libmiosix.a(devfs.o)
                0x0800a508                _ZN6miosix6Device10writeBlockEPKvjx
 .text._ZN6miosix6Device8IRQwriteEPKc
                0x0800a50c        0x4 miosix\libmiosix.a(devfs.o)
                0x0800a50c                _ZN6miosix6Device8IRQwriteEPKc
 .text._ZN6miosix6Device5ioctlEiPv
                0x0800a510        0x8 miosix\libmiosix.a(devfs.o)
                0x0800a510                _ZN6miosix6Device5ioctlEiPv
 .text._ZN6miosix6DeviceD2Ev
                0x0800a518        0xc miosix\libmiosix.a(devfs.o)
                0x0800a518                _ZN6miosix6DeviceD2Ev
                0x0800a518                _ZN6miosix6DeviceD1Ev
 .text._ZN6miosix5DevFs5mkdirERNS_10StringPartEi
                0x0800a524        0x8 miosix\libmiosix.a(devfs.o)
                0x0800a524                _ZN6miosix5DevFs5mkdirERNS_10StringPartEi
 .text._ZN6miosix5DevFs5rmdirERNS_10StringPartE
                0x0800a52c        0x8 miosix\libmiosix.a(devfs.o)
                0x0800a52c                _ZN6miosix5DevFs5rmdirERNS_10StringPartE
 .text._ZN6miosix6DeviceD0Ev
                0x0800a534       0x14 miosix\libmiosix.a(devfs.o)
                0x0800a534                _ZN6miosix6DeviceD0Ev
 .text._ZN6miosix6Device9readBlockEPvjx
                0x0800a548       0x10 miosix\libmiosix.a(devfs.o)
                0x0800a548                _ZN6miosix6Device9readBlockEPvjx
 .text._ZNSt8_Rb_treeIN6miosix10StringPartESt4pairIKS1_NS0_17intrusive_ref_ptrINS0_6DeviceEEEESt10_Select1stIS7_ESt4lessIS1_ESaIS7_EE14_M_lower_boundEPSt13_Rb_tree_nodeIS7_ESG_RS3_.isra.9
                0x0800a558       0x34 miosix\libmiosix.a(devfs.o)
 .text._ZN6miosix14DevFsDirectoryD2Ev
                0x0800a58c       0x58 miosix\libmiosix.a(devfs.o)
                0x0800a58c                _ZN6miosix14DevFsDirectoryD1Ev
                0x0800a58c                _ZN6miosix14DevFsDirectoryD2Ev
 .text._ZN6miosix14DevFsDirectoryD0Ev
                0x0800a5e4       0x5c miosix\libmiosix.a(devfs.o)
                0x0800a5e4                _ZN6miosix14DevFsDirectoryD0Ev
 .text._ZN6miosix9DevFsFileD0Ev
                0x0800a640       0x4c miosix\libmiosix.a(devfs.o)
                0x0800a640                _ZN6miosix9DevFsFileD0Ev
 .text._ZN6miosix9DevFsFileD2Ev
                0x0800a68c       0x48 miosix\libmiosix.a(devfs.o)
                0x0800a68c                _ZN6miosix9DevFsFileD2Ev
                0x0800a68c                _ZN6miosix9DevFsFileD1Ev
 .text._ZNK6miosix6Device5fstatEP4stat
                0x0800a6d4       0x34 miosix\libmiosix.a(devfs.o)
                0x0800a6d4                _ZNK6miosix6Device5fstatEP4stat
 .text._ZNK6miosix9DevFsFile5fstatEP4stat
                0x0800a708        0x8 miosix\libmiosix.a(devfs.o)
                0x0800a708                _ZNK6miosix9DevFsFile5fstatEP4stat
 .text._ZNSt4pairIN6miosix10StringPartENS0_17intrusive_ref_ptrINS0_6DeviceEEEED2Ev
                0x0800a710       0x40 miosix\libmiosix.a(devfs.o)
                0x0800a710                _ZNSt4pairIN6miosix10StringPartENS0_17intrusive_ref_ptrINS0_6DeviceEEEED2Ev
                0x0800a710                _ZNSt4pairIN6miosix10StringPartENS0_17intrusive_ref_ptrINS0_6DeviceEEEED1Ev
 .text._ZN6miosix17intrusive_ref_ptrINS_8FileBaseEEaSERKS2_
                0x0800a750       0x48 miosix\libmiosix.a(devfs.o)
                0x0800a750                _ZN6miosix17intrusive_ref_ptrINS_8FileBaseEEaSERKS2_
 .text._ZN6miosix4LockINS_9FastMutexEED2Ev
                0x0800a798       0x10 miosix\libmiosix.a(devfs.o)
                0x0800a798                _ZN6miosix4LockINS_9FastMutexEED2Ev
                0x0800a798                _ZN6miosix4LockINS_9FastMutexEED1Ev
 .text._ZN6miosix17intrusive_ref_ptrINS_14FilesystemBaseEE5resetEv
                0x0800a7a8       0x2c miosix\libmiosix.a(devfs.o)
                0x0800a7a8                _ZN6miosix17intrusive_ref_ptrINS_14FilesystemBaseEE5resetEv
 .text._ZN6miosix17intrusive_ref_ptrINS_8FileBaseEE5resetEv
                0x0800a7d4       0x2c miosix\libmiosix.a(devfs.o)
                0x0800a7d4                _ZN6miosix17intrusive_ref_ptrINS_8FileBaseEE5resetEv
 .text._ZN6miosix6Device4openERNS_17intrusive_ref_ptrINS_8FileBaseEEENS1_INS_14FilesystemBaseEEEii
                0x0800a800      0x1a0 miosix\libmiosix.a(devfs.o)
                0x0800a800                _ZN6miosix6Device4openERNS_17intrusive_ref_ptrINS_8FileBaseEEENS1_INS_14FilesystemBaseEEEii
 .text._ZNSt8_Rb_treeIN6miosix10StringPartESt4pairIKS1_NS0_17intrusive_ref_ptrINS0_6DeviceEEEESt10_Select1stIS7_ESt4lessIS1_ESaIS7_EE4findERS3_
                0x0800a9a0       0x3c miosix\libmiosix.a(devfs.o)
                0x0800a9a0                _ZNSt8_Rb_treeIN6miosix10StringPartESt4pairIKS1_NS0_17intrusive_ref_ptrINS0_6DeviceEEEESt10_Select1stIS7_ESt4lessIS1_ESaIS7_EE4findERS3_
 .text._ZN6miosix14DevFsDirectory8getdentsEPvi
                0x0800a9dc      0x10c miosix\libmiosix.a(devfs.o)
                0x0800a9dc                _ZN6miosix14DevFsDirectory8getdentsEPvi
 .text._ZN6miosix5DevFs5lstatERNS_10StringPartEP4stat
                0x0800aae8       0x74 miosix\libmiosix.a(devfs.o)
                0x0800aae8                _ZN6miosix5DevFs5lstatERNS_10StringPartEP4stat
 .text._ZN6miosix5DevFs4openERNS_17intrusive_ref_ptrINS_8FileBaseEEERNS_10StringPartEii
                0x0800ab5c      0x2d0 miosix\libmiosix.a(devfs.o)
                0x0800ab5c                _ZN6miosix5DevFs4openERNS_17intrusive_ref_ptrINS_8FileBaseEEERNS_10StringPartEii
 .text._ZNSt8_Rb_treeIN6miosix10StringPartESt4pairIKS1_NS0_17intrusive_ref_ptrINS0_6DeviceEEEESt10_Select1stIS7_ESt4lessIS1_ESaIS7_EE8_M_eraseEPSt13_Rb_tree_nodeIS7_E
                0x0800ae2c       0x68 miosix\libmiosix.a(devfs.o)
                0x0800ae2c                _ZNSt8_Rb_treeIN6miosix10StringPartESt4pairIKS1_NS0_17intrusive_ref_ptrINS0_6DeviceEEEESt10_Select1stIS7_ESt4lessIS1_ESaIS7_EE8_M_eraseEPSt13_Rb_tree_nodeIS7_E
 .text._ZN6miosix5DevFsD2Ev
                0x0800ae94       0x30 miosix\libmiosix.a(devfs.o)
                0x0800ae94                _ZN6miosix5DevFsD2Ev
                0x0800ae94                _ZN6miosix5DevFsD1Ev
 .text._ZN6miosix5DevFsD0Ev
                0x0800aec4       0x38 miosix\libmiosix.a(devfs.o)
                0x0800aec4                _ZN6miosix5DevFsD0Ev
 .text._ZNSt8_Rb_treeIN6miosix10StringPartESt4pairIKS1_NS0_17intrusive_ref_ptrINS0_6DeviceEEEESt10_Select1stIS7_ESt4lessIS1_ESaIS7_EE10_M_insert_IS2_IS1_S6_EEESt17_Rb_tree_iteratorIS7_EPKSt18_Rb_tree_node_baseSK_OT_
                0x0800aefc       0x98 miosix\libmiosix.a(devfs.o)
                0x0800aefc                _ZNSt8_Rb_treeIN6miosix10StringPartESt4pairIKS1_NS0_17intrusive_ref_ptrINS0_6DeviceEEEESt10_Select1stIS7_ESt4lessIS1_ESaIS7_EE10_M_insert_IS2_IS1_S6_EEESt17_Rb_tree_iteratorIS7_EPKSt18_Rb_tree_node_baseSK_OT_
 .text._ZNSt8_Rb_treeIN6miosix10StringPartESt4pairIKS1_NS0_17intrusive_ref_ptrINS0_6DeviceEEEESt10_Select1stIS7_ESt4lessIS1_ESaIS7_EE16_M_insert_uniqueIS2_IS1_S6_EEES2_ISt17_Rb_tree_iteratorIS7_EbEOT_
                0x0800af94       0x9c miosix\libmiosix.a(devfs.o)
                0x0800af94                _ZNSt8_Rb_treeIN6miosix10StringPartESt4pairIKS1_NS0_17intrusive_ref_ptrINS0_6DeviceEEEESt10_Select1stIS7_ESt4lessIS1_ESaIS7_EE16_M_insert_uniqueIS2_IS1_S6_EEES2_ISt17_Rb_tree_iteratorIS7_EbEOT_
 .text._ZN6miosix5DevFs9addDeviceEPKcNS_17intrusive_ref_ptrINS_6DeviceEEE
                0x0800b030      0x108 miosix\libmiosix.a(devfs.o)
                0x0800b030                _ZN6miosix5DevFs9addDeviceEPKcNS_17intrusive_ref_ptrINS_6DeviceEEE
 .text._ZN6miosix5DevFsC2Ev
                0x0800b138      0x128 miosix\libmiosix.a(devfs.o)
                0x0800b138                _ZN6miosix5DevFsC1Ev
                0x0800b138                _ZN6miosix5DevFsC2Ev
 .text._ZNSt8_Rb_treeIN6miosix10StringPartESt4pairIKS1_NS0_17intrusive_ref_ptrINS0_6DeviceEEEESt10_Select1stIS7_ESt4lessIS1_ESaIS7_EE11equal_rangeERS3_
                0x0800b260       0xa8 miosix\libmiosix.a(devfs.o)
                0x0800b260                _ZNSt8_Rb_treeIN6miosix10StringPartESt4pairIKS1_NS0_17intrusive_ref_ptrINS0_6DeviceEEEESt10_Select1stIS7_ESt4lessIS1_ESaIS7_EE11equal_rangeERS3_
 .text._ZNSt8_Rb_treeIN6miosix10StringPartESt4pairIKS1_NS0_17intrusive_ref_ptrINS0_6DeviceEEEESt10_Select1stIS7_ESt4lessIS1_ESaIS7_EE12_M_erase_auxESt23_Rb_tree_const_iteratorIS7_E
                0x0800b308       0x58 miosix\libmiosix.a(devfs.o)
                0x0800b308                _ZNSt8_Rb_treeIN6miosix10StringPartESt4pairIKS1_NS0_17intrusive_ref_ptrINS0_6DeviceEEEESt10_Select1stIS7_ESt4lessIS1_ESaIS7_EE12_M_erase_auxESt23_Rb_tree_const_iteratorIS7_E
 .text._ZNSt8_Rb_treeIN6miosix10StringPartESt4pairIKS1_NS0_17intrusive_ref_ptrINS0_6DeviceEEEESt10_Select1stIS7_ESt4lessIS1_ESaIS7_EE5eraseERS3_
                0x0800b360       0x60 miosix\libmiosix.a(devfs.o)
                0x0800b360                _ZNSt8_Rb_treeIN6miosix10StringPartESt4pairIKS1_NS0_17intrusive_ref_ptrINS0_6DeviceEEEESt10_Select1stIS7_ESt4lessIS1_ESaIS7_EE5eraseERS3_
 .text._ZN6miosix5DevFs6unlinkERNS_10StringPartE
                0x0800b3c0       0x40 miosix\libmiosix.a(devfs.o)
                0x0800b3c0                _ZN6miosix5DevFs6unlinkERNS_10StringPartE
 .text._ZN6miosix5DevFs6renameERNS_10StringPartES2_
                0x0800b400       0xe8 miosix\libmiosix.a(devfs.o)
                0x0800b400                _ZN6miosix5DevFs6renameERNS_10StringPartES2_
 .text.__register_exitproc
                0x0800b4e8        0x4 miosix\libmiosix.a(libc_integration.o)
                0x0800b4e8                __register_exitproc
 .text._exit    0x0800b4ec        0x8 miosix\libmiosix.a(libc_integration.o)
                0x0800b4ec                _exit
 .text._sbrk_r  0x0800b4f4       0x34 miosix\libmiosix.a(libc_integration.o)
                0x0800b4f4                _sbrk_r
 .text.__malloc_lock
                0x0800b528        0x4 miosix\libmiosix.a(libc_integration.o)
                0x0800b528                __malloc_lock
 .text.__malloc_unlock
                0x0800b52c        0x4 miosix\libmiosix.a(libc_integration.o)
                0x0800b52c                __malloc_unlock
 .text.__getreent
                0x0800b530        0xc miosix\libmiosix.a(libc_integration.o)
                0x0800b530                __getreent
 .text._close_r
                0x0800b53c       0x3c miosix\libmiosix.a(libc_integration.o)
                0x0800b53c                _close_r
 .text._kill_r  0x0800b578       0x10 miosix\libmiosix.a(libc_integration.o)
                0x0800b578                _kill_r
 .text._getpid_r
                0x0800b588        0x4 miosix\libmiosix.a(libc_integration.o)
                0x0800b588                _getpid_r
 .text._ZN6miosix11atomic_loadINS_8FileBaseEEENS_17intrusive_ref_ptrIT_EEPKS4_
                0x0800b58c       0x34 miosix\libmiosix.a(libc_integration.o)
                0x0800b58c                _ZN6miosix11atomic_loadINS_8FileBaseEEENS_17intrusive_ref_ptrIT_EEPKS4_
 .text._ioctl_r
                0x0800b5c0       0x98 miosix\libmiosix.a(libc_integration.o)
                0x0800b5c0                _ioctl_r
 .text.ioctl    0x0800b658       0x20 miosix\libmiosix.a(libc_integration.o)
                0x0800b658                ioctl
 .text._isatty_r
                0x0800b678       0x90 miosix\libmiosix.a(libc_integration.o)
                0x0800b678                _isatty_r
 .text._fstat_r
                0x0800b708       0x9c miosix\libmiosix.a(libc_integration.o)
                0x0800b708                _fstat_r
 .text._lseek_r
                0x0800b7a4       0xac miosix\libmiosix.a(libc_integration.o)
                0x0800b7a4                _lseek_r
 .text._read_r  0x0800b850       0xa8 miosix\libmiosix.a(libc_integration.o)
                0x0800b850                _read_r
 .text._write_r
                0x0800b8f8       0xa8 miosix\libmiosix.a(libc_integration.o)
                0x0800b8f8                _write_r
 .text.write    0x0800b9a0       0x20 miosix\libmiosix.a(libc_integration.o)
                0x0800b9a0                write
 .text.__cxa_get_globals_fast
                0x0800b9c0        0xc miosix\libmiosix.a(libstdcpp_integration.o)
                0x0800b9c0                __cxa_get_globals_fast
 .text.__cxa_get_globals
                0x0800b9cc        0xc miosix\libmiosix.a(libstdcpp_integration.o)
                0x0800b9cc                __cxa_get_globals
 .text._ZN9__gnu_cxx27__verbose_terminate_handlerEv
                0x0800b9d8       0x14 miosix\libmiosix.a(libstdcpp_integration.o)
                0x0800b9d8                _ZN9__gnu_cxx27__verbose_terminate_handlerEv
 .text.__cxa_guard_acquire
                0x0800b9ec       0xc0 miosix\libmiosix.a(libstdcpp_integration.o)
                0x0800b9ec                __cxa_guard_acquire
 .text.__cxa_guard_release
                0x0800baac       0x14 miosix\libmiosix.a(libstdcpp_integration.o)
                0x0800baac                __cxa_guard_release
 .text.__cxa_guard_abort
                0x0800bac0       0x14 miosix\libmiosix.a(libstdcpp_integration.o)
                0x0800bac0                __cxa_guard_abort
 .text._ZN6miosix15MemoryProfiling11getHeapSizeEv
                0x0800bad4       0x14 miosix\libmiosix.a(util.o)
                0x0800bad4                _ZN6miosix15MemoryProfiling11getHeapSizeEv
 .text._ZN6miosix15MemoryProfiling18getCurrentFreeHeapEv
                0x0800bae8       0x2c miosix\libmiosix.a(util.o)
                0x0800bae8                _ZN6miosix15MemoryProfiling18getCurrentFreeHeapEv
 .text._ZN6miosix16getMiosixVersionEv
                0x0800bb14        0xc miosix\libmiosix.a(version.o)
                0x0800bb14                _ZN6miosix16getMiosixVersionEv
 .text._ZN6miosix8shutdownEv
                0x0800bb20       0x1c miosix\libmiosix.a(bsp.o)
                0x0800bb20                _ZN6miosix8shutdownEv
 .text._ZN6miosix6rebootEv
                0x0800bb3c       0x20 miosix\libmiosix.a(bsp.o)
                0x0800bb3c                _ZN6miosix6rebootEv
 .text._ZN6miosix10IRQbspInitEv
                0x0800bb5c       0xdc miosix\libmiosix.a(bsp.o)
                0x0800bb5c                _ZN6miosix10IRQbspInitEv
 .text._ZN6miosix8bspInit2Ev
                0x0800bc38       0xc0 miosix\libmiosix.a(bsp.o)
                0x0800bc38                _ZN6miosix8bspInit2Ev
 .text._Z17HardFault_Handlerv
                0x0800bcf8       0x3c miosix\libmiosix.a(interrupts_cortexMx.o)
                0x0800bcf8                _Z17HardFault_Handlerv
 .text._Z17MemManage_Handlerv
                0x0800bd34       0x3c miosix\libmiosix.a(interrupts_cortexMx.o)
                0x0800bd34                _Z17MemManage_Handlerv
 .text._Z16BusFault_Handlerv
                0x0800bd70       0x3c miosix\libmiosix.a(interrupts_cortexMx.o)
                0x0800bd70                _Z16BusFault_Handlerv
 .text._Z18UsageFault_Handlerv
                0x0800bdac       0x3c miosix\libmiosix.a(interrupts_cortexMx.o)
                0x0800bdac                _Z18UsageFault_Handlerv
 .text._Z19unexpectedInterruptv
                0x0800bde8       0x60 miosix\libmiosix.a(interrupts_cortexMx.o)
                0x0800bde8                _Z19unexpectedInterruptv
 .text._ZL16printUnsignedIntj
                0x0800be48       0x88 miosix\libmiosix.a(interrupts_cortexMx.o)
 .text._Z16DebugMon_Handlerv
                0x0800bed0       0x70 miosix\libmiosix.a(interrupts_cortexMx.o)
                0x0800bed0                _Z16DebugMon_Handlerv
 .text._Z14PendSV_Handlerv
                0x0800bf40       0x70 miosix\libmiosix.a(interrupts_cortexMx.o)
                0x0800bf40                _Z14PendSV_Handlerv
 .text._Z11NMI_Handlerv
                0x0800bfb0       0x60 miosix\libmiosix.a(interrupts_cortexMx.o)
                0x0800bfb0                _Z11NMI_Handlerv
 .text._Z14HardFault_implv
                0x0800c010      0x138 miosix\libmiosix.a(interrupts_cortexMx.o)
                0x0800c010                _Z14HardFault_implv
 .text._Z13BusFault_implv
                0x0800c148      0x34c miosix\libmiosix.a(interrupts_cortexMx.o)
                0x0800c148                _Z13BusFault_implv
 .text._Z14MemManage_implv
                0x0800c494      0x2d8 miosix\libmiosix.a(interrupts_cortexMx.o)
                0x0800c494                _Z14MemManage_implv
 .text._Z15UsageFault_implv
                0x0800c76c      0x2d0 miosix\libmiosix.a(interrupts_cortexMx.o)
                0x0800c76c                _Z15UsageFault_implv
 .text._ZN6miosix11STM32Serial8IRQwriteEPKc
                0x0800ca3c       0x3c miosix\libmiosix.a(serial_stm32.o)
                0x0800ca3c                _ZN6miosix11STM32Serial8IRQwriteEPKc
 .text._ZN6miosix11STM32Serial5ioctlEiPv
                0x0800ca78       0x40 miosix\libmiosix.a(serial_stm32.o)
                0x0800ca78                _ZN6miosix11STM32Serial5ioctlEiPv
 .text._ZN6miosix11STM32Serial9readBlockEPvjx
                0x0800cab8       0x8c miosix\libmiosix.a(serial_stm32.o)
                0x0800cab8                _ZN6miosix11STM32Serial9readBlockEPvjx
 .text._ZN6miosix9FastMutexD2Ev
                0x0800cb44        0xc miosix\libmiosix.a(serial_stm32.o)
                0x0800cb44                _ZN6miosix9FastMutexD1Ev
                0x0800cb44                _ZN6miosix9FastMutexD2Ev
 .text._Z17USART1_IRQHandlerv
                0x0800cb50       0x3c miosix\libmiosix.a(serial_stm32.o)
                0x0800cb50                _Z17USART1_IRQHandlerv
 .text._Z17USART2_IRQHandlerv
                0x0800cb8c       0x3c miosix\libmiosix.a(serial_stm32.o)
                0x0800cb8c                _Z17USART2_IRQHandlerv
 .text._Z23DMA1_Stream6_IRQHandlerv
                0x0800cbc8       0x3c miosix\libmiosix.a(serial_stm32.o)
                0x0800cbc8                _Z23DMA1_Stream6_IRQHandlerv
 .text._Z23DMA1_Stream5_IRQHandlerv
                0x0800cc04       0x3c miosix\libmiosix.a(serial_stm32.o)
                0x0800cc04                _Z23DMA1_Stream5_IRQHandlerv
 .text._ZN6miosix11STM32Serial10commonInitEiiNS_7GpioPinES1_S1_S1_
                0x0800cc40      0x1d8 miosix\libmiosix.a(serial_stm32.o)
                0x0800cc40                _ZN6miosix11STM32Serial10commonInitEiiNS_7GpioPinES1_S1_S1_
 .text._ZN6miosix11STM32Serial14IRQhandleDMAtxEv
                0x0800ce18       0x38 miosix\libmiosix.a(serial_stm32.o)
                0x0800ce18                _ZN6miosix11STM32Serial14IRQhandleDMAtxEv
 .text._Z15usart2txDmaImplv
                0x0800ce50       0x20 miosix\libmiosix.a(serial_stm32.o)
                0x0800ce50                _Z15usart2txDmaImplv
 .text._ZN6miosix11STM32Serial19waitDmaTxCompletionEv
                0x0800ce70       0x38 miosix\libmiosix.a(serial_stm32.o)
                0x0800ce70                _ZN6miosix11STM32Serial19waitDmaTxCompletionEv
 .text._ZN6miosix11STM32Serial10writeBlockEPKvjx
                0x0800cea8      0x10c miosix\libmiosix.a(serial_stm32.o)
                0x0800cea8                _ZN6miosix11STM32Serial10writeBlockEPKvjx
 .text._ZN6miosix11STM32Serial10IRQreadDmaEv
                0x0800cfb4       0x84 miosix\libmiosix.a(serial_stm32.o)
                0x0800cfb4                _ZN6miosix11STM32Serial10IRQreadDmaEv
 .text._ZN6miosix11STM32Serial14IRQhandleDMArxEv
                0x0800d038       0x3c miosix\libmiosix.a(serial_stm32.o)
                0x0800d038                _ZN6miosix11STM32Serial14IRQhandleDMArxEv
 .text._Z15usart2rxDmaImplv
                0x0800d074       0x10 miosix\libmiosix.a(serial_stm32.o)
                0x0800d074                _Z15usart2rxDmaImplv
 .text._ZN6miosix11STM32Serial18IRQhandleInterruptEv
                0x0800d084       0x8c miosix\libmiosix.a(serial_stm32.o)
                0x0800d084                _ZN6miosix11STM32Serial18IRQhandleInterruptEv
 .text._Z13usart2irqImplv
                0x0800d110       0x10 miosix\libmiosix.a(serial_stm32.o)
                0x0800d110                _Z13usart2irqImplv
 .text._Z13usart1irqImplv
                0x0800d120       0x10 miosix\libmiosix.a(serial_stm32.o)
                0x0800d120                _Z13usart1irqImplv
 .text._ZN6miosix11STM32Serial14IRQdmaReadStopEv
                0x0800d130       0x30 miosix\libmiosix.a(serial_stm32.o)
                0x0800d130                _ZN6miosix11STM32Serial14IRQdmaReadStopEv
 .text._ZN6miosix14DynUnsyncQueueIcED2Ev
                0x0800d160       0x10 miosix\libmiosix.a(serial_stm32.o)
                0x0800d160                _ZN6miosix14DynUnsyncQueueIcED1Ev
                0x0800d160                _ZN6miosix14DynUnsyncQueueIcED2Ev
 .text._ZN6miosix11STM32SerialD2Ev
                0x0800d170       0xe8 miosix\libmiosix.a(serial_stm32.o)
                0x0800d170                _ZN6miosix11STM32SerialD2Ev
                0x0800d170                _ZN6miosix11STM32SerialD1Ev
 .text._ZN6miosix11STM32SerialD0Ev
                0x0800d258       0x14 miosix\libmiosix.a(serial_stm32.o)
                0x0800d258                _ZN6miosix11STM32SerialD0Ev
 .text._ZN6miosix11STM32SerialC2EiiNS0_8FlowCtrlE
                0x0800d26c      0x29c miosix\libmiosix.a(serial_stm32.o)
                0x0800d26c                _ZN6miosix11STM32SerialC1EiiNS0_8FlowCtrlE
                0x0800d26c                _ZN6miosix11STM32SerialC2EiiNS0_8FlowCtrlE
 .text._Z15SysTick_Handlerv
                0x0800d508       0x3c miosix\libmiosix.a(portability.o)
                0x0800d508                _Z15SysTick_Handlerv
 .text._Z11SVC_Handlerv
                0x0800d544       0x3c miosix\libmiosix.a(portability.o)
                0x0800d544                _Z11SVC_Handlerv
 .text._ZN14miosix_private21IRQstackOverflowCheckEv
                0x0800d580       0x3c miosix\libmiosix.a(portability.o)
                0x0800d580                _ZN14miosix_private21IRQstackOverflowCheckEv
 .text._ZN14miosix_private9ISR_yieldEv
                0x0800d5bc       0x10 miosix\libmiosix.a(portability.o)
                0x0800d5bc                _ZN14miosix_private9ISR_yieldEv
 .text._ZN14miosix_private11ISR_preemptEv
                0x0800d5cc       0x24 miosix\libmiosix.a(portability.o)
                0x0800d5cc                _ZN14miosix_private11ISR_preemptEv
 .text._ZN14miosix_private15IRQsystemRebootEv
                0x0800d5f0       0x24 miosix\libmiosix.a(portability.o)
                0x0800d5f0                _ZN14miosix_private15IRQsystemRebootEv
 .text._ZN14miosix_private11initCtxsaveEPjPFPvS1_ES0_S1_
                0x0800d614       0x44 miosix\libmiosix.a(portability.o)
                0x0800d614                _ZN14miosix_private11initCtxsaveEPjPFPvS1_ES0_S1_
 .text._ZN14miosix_private22IRQportableStartKernelEv
                0x0800d658       0x7c miosix\libmiosix.a(portability.o)
                0x0800d658                _ZN14miosix_private22IRQportableStartKernelEv
 .text._ZN6miosix7delayMsEj
                0x0800d6d4       0x20 miosix\libmiosix.a(delays.o)
                0x0800d6d4                _ZN6miosix7delayMsEj
 .text._ZN6miosix7delayUsEj
                0x0800d6f4       0x18 miosix\libmiosix.a(delays.o)
                0x0800d6f4                _ZN6miosix7delayUsEj
 .text._ZN6miosix8GpioBase8modeImplEjhNS_4Mode5Mode_E
                0x0800d70c       0x54 miosix\libmiosix.a(gpio_impl.o)
                0x0800d70c                _ZN6miosix8GpioBase8modeImplEjhNS_4Mode5Mode_E
 .text._ZN6miosix8GpioBase6afImplEjhh
                0x0800d760       0x48 miosix\libmiosix.a(gpio_impl.o)
                0x0800d760                _ZN6miosix8GpioBase6afImplEjhh
 .text._ZN6miosix17intrusive_ref_ptrINS_10SDIODriverEED2Ev
                0x0800d7a8       0x30 miosix\libmiosix.a(sd_stm32f2_f4.o)
                0x0800d7a8                _ZN6miosix17intrusive_ref_ptrINS_10SDIODriverEED1Ev
                0x0800d7a8                _ZN6miosix17intrusive_ref_ptrINS_10SDIODriverEED2Ev
 .text._ZN6miosixL22dmaTransferCommonSetupEPKh
                0x0800d7d8       0x4c miosix\libmiosix.a(sd_stm32f2_f4.o)
 .text._ZN6miosix10SDIODriverD2Ev
                0x0800d824       0x28 miosix\libmiosix.a(sd_stm32f2_f4.o)
                0x0800d824                _ZN6miosix10SDIODriverD2Ev
                0x0800d824                _ZN6miosix10SDIODriverD1Ev
 .text._ZN6miosix10SDIODriverD0Ev
                0x0800d84c       0x2c miosix\libmiosix.a(sd_stm32f2_f4.o)
                0x0800d84c                _ZN6miosix10SDIODriverD0Ev
 .text._Z23DMA2_Stream3_IRQHandlerv
                0x0800d878       0x3c miosix\libmiosix.a(sd_stm32f2_f4.o)
                0x0800d878                _Z23DMA2_Stream3_IRQHandlerv
 .text._Z15SDIO_IRQHandlerv
                0x0800d8b4       0x3c miosix\libmiosix.a(sd_stm32f2_f4.o)
                0x0800d8b4                _Z15SDIO_IRQHandlerv
 .text._ZN6miosix18DMA2stream3irqImplEv
                0x0800d8f0       0x5c miosix\libmiosix.a(sd_stm32f2_f4.o)
                0x0800d8f0                _ZN6miosix18DMA2stream3irqImplEv
 .text._ZN6miosix11SDIOirqImplEv
                0x0800d94c       0x5c miosix\libmiosix.a(sd_stm32f2_f4.o)
                0x0800d94c                _ZN6miosix11SDIOirqImplEv
 .text._ZN6miosix15BufferConverter13toWordAlignedEPKh
                0x0800d9a8       0x40 miosix\libmiosix.a(sd_stm32f2_f4.o)
                0x0800d9a8                _ZN6miosix15BufferConverter13toWordAlignedEPKh
 .text._ZN6miosix15BufferConverter24toWordAlignedWithoutCopyEPh
                0x0800d9e8       0x30 miosix\libmiosix.a(sd_stm32f2_f4.o)
                0x0800d9e8                _ZN6miosix15BufferConverter24toWordAlignedWithoutCopyEPh
 .text._ZN6miosix15BufferConverter16toOriginalBufferEv
                0x0800da18       0x1c miosix\libmiosix.a(sd_stm32f2_f4.o)
                0x0800da18                _ZN6miosix15BufferConverter16toOriginalBufferEv
 .text._ZN6miosix9CmdResult18validateR1ResponseEv
                0x0800da34       0x20 miosix\libmiosix.a(sd_stm32f2_f4.o)
                0x0800da34                _ZN6miosix9CmdResult18validateR1ResponseEv
 .text._ZN6miosix7Command4sendENS0_11CommandTypeEj
                0x0800da54      0x140 miosix\libmiosix.a(sd_stm32f2_f4.o)
                0x0800da54                _ZN6miosix7Command4sendENS0_11CommandTypeEj
 .text._ZN6miosixL16waitForCardReadyEv
                0x0800db94       0x48 miosix\libmiosix.a(sd_stm32f2_f4.o)
 .text._ZN6miosix15ClockController19calibrateClockSpeedEPNS_10SDIODriverE
                0x0800dbdc       0xf8 miosix\libmiosix.a(sd_stm32f2_f4.o)
                0x0800dbdc                _ZN6miosix15ClockController19calibrateClockSpeedEPNS_10SDIODriverE
 .text._ZN6miosix15ClockController16reduceClockSpeedEv
                0x0800dcd4       0x54 miosix\libmiosix.a(sd_stm32f2_f4.o)
                0x0800dcd4                _ZN6miosix15ClockController16reduceClockSpeedEv
 .text._ZN6miosixL18multipleBlockWriteEPKhjj
                0x0800dd28      0x164 miosix\libmiosix.a(sd_stm32f2_f4.o)
 .text._ZN6miosixL17multipleBlockReadEPhjj
                0x0800de8c      0x14c miosix\libmiosix.a(sd_stm32f2_f4.o)
 .text._ZN6miosix12CardSelectorD2Ev
                0x0800dfd8       0x18 miosix\libmiosix.a(sd_stm32f2_f4.o)
                0x0800dfd8                _ZN6miosix12CardSelectorD2Ev
                0x0800dfd8                _ZN6miosix12CardSelectorD1Ev
 .text._ZN6miosix10SDIODriverC2Ev
                0x0800dff0      0x2a0 miosix\libmiosix.a(sd_stm32f2_f4.o)
                0x0800dff0                _ZN6miosix10SDIODriverC2Ev
                0x0800dff0                _ZN6miosix10SDIODriverC1Ev
 .text._ZN6miosix10SDIODriver5ioctlEiPv
                0x0800e290       0x40 miosix\libmiosix.a(sd_stm32f2_f4.o)
                0x0800e290                _ZN6miosix10SDIODriver5ioctlEiPv
 .text._ZN6miosix10SDIODriver10writeBlockEPKvjx
                0x0800e2d0      0x120 miosix\libmiosix.a(sd_stm32f2_f4.o)
                0x0800e2d0                _ZN6miosix10SDIODriver10writeBlockEPKvjx
 .text._ZN6miosix10SDIODriver9readBlockEPvjx
                0x0800e3f0      0x124 miosix\libmiosix.a(sd_stm32f2_f4.o)
                0x0800e3f0                _ZN6miosix10SDIODriver9readBlockEPvjx
 .text._ZN6miosix10SDIODriver8instanceEv
                0x0800e514      0x130 miosix\libmiosix.a(sd_stm32f2_f4.o)
                0x0800e514                _ZN6miosix10SDIODriver8instanceEv
 .text.SystemInit
                0x0800e644      0x128 miosix\libmiosix.a(system_stm32f4xx.o)
                0x0800e644                SystemInit
 .text.pthread_mutexattr_init
                0x0800e76c        0x8 miosix\libmiosix.a(pthread.o)
                0x0800e76c                pthread_mutexattr_init
 .text.pthread_mutexattr_destroy
                0x0800e774        0x4 miosix\libmiosix.a(pthread.o)
                0x0800e774                pthread_mutexattr_destroy
 .text.pthread_mutexattr_settype
                0x0800e778       0x14 miosix\libmiosix.a(pthread.o)
                0x0800e778                pthread_mutexattr_settype
 .text.pthread_mutex_init
                0x0800e78c       0x24 miosix\libmiosix.a(pthread.o)
                0x0800e78c                pthread_mutex_init
 .text.pthread_mutex_destroy
                0x0800e7b0        0xc miosix\libmiosix.a(pthread.o)
                0x0800e7b0                pthread_mutex_destroy
 .text.pthread_mutex_lock
                0x0800e7bc       0x74 miosix\libmiosix.a(pthread.o)
                0x0800e7bc                pthread_mutex_lock
 .text.pthread_mutex_unlock
                0x0800e830       0x44 miosix\libmiosix.a(pthread.o)
                0x0800e830                pthread_mutex_unlock
 .text.pthread_setcancelstate
                0x0800e874        0x4 miosix\libmiosix.a(pthread.o)
                0x0800e874                pthread_setcancelstate
 .text.unlikely._ZN9__gnu_cxxL18__exchange_and_addEPVii.constprop.42
                0x0800e878       0x1c miosix\libmiosix.a(file_access.o)
 .text._ZN6miosix12ResolvedPathD2Ev
                0x0800e894       0x30 miosix\libmiosix.a(file_access.o)
                0x0800e894                _ZN6miosix12ResolvedPathD1Ev
                0x0800e894                _ZN6miosix12ResolvedPathD2Ev
 .text._ZN6miosix17FilesystemManager8instanceEv
                0x0800e8c4       0x78 miosix\libmiosix.a(file_access.o)
                0x0800e8c4                _ZN6miosix17FilesystemManager8instanceEv
 .text._ZNSt4pairIN6miosix10StringPartENS0_17intrusive_ref_ptrINS0_14FilesystemBaseEEEED2Ev
                0x0800e93c       0x40 miosix\libmiosix.a(file_access.o)
                0x0800e93c                _ZNSt4pairIN6miosix10StringPartENS0_17intrusive_ref_ptrINS0_14FilesystemBaseEEEED2Ev
                0x0800e93c                _ZNSt4pairIN6miosix10StringPartENS0_17intrusive_ref_ptrINS0_14FilesystemBaseEEEED1Ev
 .text._ZN6miosix17FilesystemManager15getFilesystemIdEv
                0x0800e97c       0x18 miosix\libmiosix.a(file_access.o)
                0x0800e97c                _ZN6miosix17FilesystemManager15getFilesystemIdEv
 .text._ZN6miosix12atomic_storeINS_5DevFsEEEvPNS_17intrusive_ref_ptrIT_EES4_
                0x0800e994       0x44 miosix\libmiosix.a(file_access.o)
                0x0800e994                _ZN6miosix12atomic_storeINS_5DevFsEEEvPNS_17intrusive_ref_ptrIT_EES4_
 .text._ZN6miosix15atomic_exchangeINS_8FileBaseEEENS_17intrusive_ref_ptrIT_EEPS4_S4_
                0x0800e9d8       0x30 miosix\libmiosix.a(file_access.o)
                0x0800e9d8                _ZN6miosix15atomic_exchangeINS_8FileBaseEEENS_17intrusive_ref_ptrIT_EEPS4_S4_
 .text._ZN6miosix17intrusive_ref_ptrINS_14FilesystemBaseEEaSERKS2_
                0x0800ea08       0x48 miosix\libmiosix.a(file_access.o)
                0x0800ea08                _ZN6miosix17intrusive_ref_ptrINS_14FilesystemBaseEEaSERKS2_
 .text._ZN6miosix14PathResolution13followSymlinkERSs
                0x0800ea50      0x210 miosix\libmiosix.a(file_access.o)
                0x0800ea50                _ZN6miosix14PathResolution13followSymlinkERSs
 .text._ZN6miosix14PathResolutionD2Ev
                0x0800ec60       0x60 miosix\libmiosix.a(file_access.o)
                0x0800ec60                _ZN6miosix14PathResolutionD1Ev
                0x0800ec60                _ZN6miosix14PathResolutionD2Ev
 .text._ZN6miosix19FileDescriptorTable8closeAllEv
                0x0800ecc0       0x74 miosix\libmiosix.a(file_access.o)
                0x0800ecc0                _ZN6miosix19FileDescriptorTable8closeAllEv
 .text._ZN6miosix19FileDescriptorTable5closeEi
                0x0800ed34       0xb0 miosix\libmiosix.a(file_access.o)
                0x0800ed34                _ZN6miosix19FileDescriptorTable5closeEi
 .text._ZN6miosix19FileDescriptorTableD2Ev
                0x0800ede4       0xa4 miosix\libmiosix.a(file_access.o)
                0x0800ede4                _ZN6miosix19FileDescriptorTableD2Ev
                0x0800ede4                _ZN6miosix19FileDescriptorTableD1Ev
 .text._ZN6miosix17intrusive_ref_ptrINS_5DevFsEE5resetEv
                0x0800ee88       0x2c miosix\libmiosix.a(file_access.o)
                0x0800ee88                _ZN6miosix17intrusive_ref_ptrINS_5DevFsEE5resetEv
 .text._ZNSt8_Rb_treeIN6miosix10StringPartESt4pairIKS1_NS0_17intrusive_ref_ptrINS0_14FilesystemBaseEEEESt10_Select1stIS7_ESt4lessIS1_ESaIS7_EE8_M_eraseEPSt13_Rb_tree_nodeIS7_E
                0x0800eeb4       0x68 miosix\libmiosix.a(file_access.o)
                0x0800eeb4                _ZNSt8_Rb_treeIN6miosix10StringPartESt4pairIKS1_NS0_17intrusive_ref_ptrINS0_14FilesystemBaseEEEESt10_Select1stIS7_ESt4lessIS1_ESaIS7_EE8_M_eraseEPSt13_Rb_tree_nodeIS7_E
 .text._ZN6miosix17FilesystemManagerD2Ev
                0x0800ef1c       0x54 miosix\libmiosix.a(file_access.o)
                0x0800ef1c                _ZN6miosix17FilesystemManagerD2Ev
                0x0800ef1c                _ZN6miosix17FilesystemManagerD1Ev
 .text._ZN6miosix19FileDescriptorTableC2Ev
                0x0800ef70      0x144 miosix\libmiosix.a(file_access.o)
                0x0800ef70                _ZN6miosix19FileDescriptorTableC1Ev
                0x0800ef70                _ZN6miosix19FileDescriptorTableC2Ev
 .text._ZN6miosix22getFileDescriptorTableEv
                0x0800f0b4       0x58 miosix\libmiosix.a(file_access.o)
                0x0800f0b4                _ZN6miosix22getFileDescriptorTableEv
 .text._ZN6miosix17FilesystemManager9umountAllEv
                0x0800f10c       0x40 miosix\libmiosix.a(file_access.o)
                0x0800f10c                _ZN6miosix17FilesystemManager9umountAllEv
 .text._ZNKSt8_Rb_treeIN6miosix10StringPartESt4pairIKS1_NS0_17intrusive_ref_ptrINS0_14FilesystemBaseEEEESt10_Select1stIS7_ESt4lessIS1_ESaIS7_EE4findERS3_
                0x0800f14c       0x64 miosix\libmiosix.a(file_access.o)
                0x0800f14c                _ZNKSt8_Rb_treeIN6miosix10StringPartESt4pairIKS1_NS0_17intrusive_ref_ptrINS0_14FilesystemBaseEEEESt10_Select1stIS7_ESt4lessIS1_ESaIS7_EE4findERS3_
 .text._ZN6miosix14PathResolution15recursiveFindFsERSs
                0x0800f1b0       0x94 miosix\libmiosix.a(file_access.o)
                0x0800f1b0                _ZN6miosix14PathResolution15recursiveFindFsERSs
 .text._ZN6miosix14PathResolution15upPathComponentERSsj
                0x0800f244       0x98 miosix\libmiosix.a(file_access.o)
                0x0800f244                _ZN6miosix14PathResolution15upPathComponentERSsj
 .text._ZN6miosix14PathResolution19normalPathComponentERSsb
                0x0800f2dc       0xe4 miosix\libmiosix.a(file_access.o)
                0x0800f2dc                _ZN6miosix14PathResolution19normalPathComponentERSsb
 .text._ZN6miosix14PathResolution11resolvePathERSsb
                0x0800f3c0      0x220 miosix\libmiosix.a(file_access.o)
                0x0800f3c0                _ZN6miosix14PathResolution11resolvePathERSsb
 .text._ZN6miosix17FilesystemManager11resolvePathERSsb
                0x0800f5e0       0xec miosix\libmiosix.a(file_access.o)
                0x0800f5e0                _ZN6miosix17FilesystemManager11resolvePathERSsb
 .text._ZN6miosix17FilesystemManager10statHelperERSsP4statb
                0x0800f6cc       0x78 miosix\libmiosix.a(file_access.o)
                0x0800f6cc                _ZN6miosix17FilesystemManager10statHelperERSsP4statb
 .text._ZNSt8_Rb_treeIN6miosix10StringPartESt4pairIKS1_NS0_17intrusive_ref_ptrINS0_14FilesystemBaseEEEESt10_Select1stIS7_ESt4lessIS1_ESaIS7_EE10_M_insert_IS2_IS1_S6_EEESt17_Rb_tree_iteratorIS7_EPKSt18_Rb_tree_node_baseSK_OT_
                0x0800f744       0x98 miosix\libmiosix.a(file_access.o)
                0x0800f744                _ZNSt8_Rb_treeIN6miosix10StringPartESt4pairIKS1_NS0_17intrusive_ref_ptrINS0_14FilesystemBaseEEEESt10_Select1stIS7_ESt4lessIS1_ESaIS7_EE10_M_insert_IS2_IS1_S6_EEESt17_Rb_tree_iteratorIS7_EPKSt18_Rb_tree_node_baseSK_OT_
 .text._ZNSt8_Rb_treeIN6miosix10StringPartESt4pairIKS1_NS0_17intrusive_ref_ptrINS0_14FilesystemBaseEEEESt10_Select1stIS7_ESt4lessIS1_ESaIS7_EE16_M_insert_uniqueIS2_IS1_S6_EEES2_ISt17_Rb_tree_iteratorIS7_EbEOT_
                0x0800f7dc       0x9c miosix\libmiosix.a(file_access.o)
                0x0800f7dc                _ZNSt8_Rb_treeIN6miosix10StringPartESt4pairIKS1_NS0_17intrusive_ref_ptrINS0_14FilesystemBaseEEEESt10_Select1stIS7_ESt4lessIS1_ESaIS7_EE16_M_insert_uniqueIS2_IS1_S6_EEES2_ISt17_Rb_tree_iteratorIS7_EbEOT_
 .text._ZN6miosix17FilesystemManager6kmountEPKcNS_17intrusive_ref_ptrINS_14FilesystemBaseEEE
                0x0800f878      0x1c8 miosix\libmiosix.a(file_access.o)
                0x0800f878                _ZN6miosix17FilesystemManager6kmountEPKcNS_17intrusive_ref_ptrINS_14FilesystemBaseEEE
 .text._ZN6miosix20basicFilesystemSetupENS_17intrusive_ref_ptrINS_6DeviceEEE
                0x0800fa40      0x4ac miosix\libmiosix.a(file_access.o)
                0x0800fa40                _ZN6miosix20basicFilesystemSetupENS_17intrusive_ref_ptrINS_6DeviceEEE
 .text._ZNK6miosix8FileBase6isattyEv
                0x0800feec        0x4 miosix\libmiosix.a(file.o)
                0x0800feec                _ZNK6miosix8FileBase6isattyEv
 .text._ZN6miosix8FileBase5fcntlEii
                0x0800fef0       0x10 miosix\libmiosix.a(file.o)
                0x0800fef0                _ZN6miosix8FileBase5fcntlEii
 .text._ZN6miosix8FileBase5ioctlEiPv
                0x0800ff00        0x8 miosix\libmiosix.a(file.o)
                0x0800ff00                _ZN6miosix8FileBase5ioctlEiPv
 .text._ZN6miosix8FileBase8getdentsEPvi
                0x0800ff08        0x8 miosix\libmiosix.a(file.o)
                0x0800ff08                _ZN6miosix8FileBase8getdentsEPvi
 .text._ZN6miosix13DirectoryBase5writeEPKvj
                0x0800ff10        0x8 miosix\libmiosix.a(file.o)
                0x0800ff10                _ZN6miosix13DirectoryBase5writeEPKvj
 .text._ZN6miosix13DirectoryBase4readEPvj
                0x0800ff18        0x8 miosix\libmiosix.a(file.o)
                0x0800ff18                _ZN6miosix13DirectoryBase4readEPvj
 .text._ZN6miosix13DirectoryBase5lseekExi
                0x0800ff20        0xc miosix\libmiosix.a(file.o)
                0x0800ff20                _ZN6miosix13DirectoryBase5lseekExi
 .text._ZNK6miosix13DirectoryBase5fstatEP4stat
                0x0800ff2c        0x8 miosix\libmiosix.a(file.o)
                0x0800ff2c                _ZNK6miosix13DirectoryBase5fstatEP4stat
 .text._ZN6miosix14FilesystemBase8readlinkERNS_10StringPartERSs
                0x0800ff34        0x8 miosix\libmiosix.a(file.o)
                0x0800ff34                _ZN6miosix14FilesystemBase8readlinkERNS_10StringPartERSs
 .text._ZNK6miosix14FilesystemBase16supportsSymlinksEv
                0x0800ff3c        0x4 miosix\libmiosix.a(file.o)
                0x0800ff3c                _ZNK6miosix14FilesystemBase16supportsSymlinksEv
 .text._ZN6miosix14FilesystemBaseD2Ev
                0x0800ff40        0xc miosix\libmiosix.a(file.o)
                0x0800ff40                _ZN6miosix14FilesystemBaseD2Ev
                0x0800ff40                _ZN6miosix14FilesystemBaseD1Ev
 .text._ZN6miosix33IntrusiveRefCountedSharedFromThisINS_14FilesystemBaseEED2Ev
                0x0800ff4c        0xc miosix\libmiosix.a(file.o)
                0x0800ff4c                _ZN6miosix33IntrusiveRefCountedSharedFromThisINS_14FilesystemBaseEED1Ev
                0x0800ff4c                _ZN6miosix33IntrusiveRefCountedSharedFromThisINS_14FilesystemBaseEED2Ev
 .text._ZN6miosix33IntrusiveRefCountedSharedFromThisINS_14FilesystemBaseEED0Ev
                0x0800ff58       0x14 miosix\libmiosix.a(file.o)
                0x0800ff58                _ZN6miosix33IntrusiveRefCountedSharedFromThisINS_14FilesystemBaseEED0Ev
 .text._ZN6miosix14FilesystemBaseD0Ev
                0x0800ff6c       0x14 miosix\libmiosix.a(file.o)
                0x0800ff6c                _ZN6miosix14FilesystemBaseD0Ev
 .text._ZN6miosix8FileBaseC2ENS_17intrusive_ref_ptrINS_14FilesystemBaseEEE
                0x0800ff80       0x3c miosix\libmiosix.a(file.o)
                0x0800ff80                _ZN6miosix8FileBaseC1ENS_17intrusive_ref_ptrINS_14FilesystemBaseEEE
                0x0800ff80                _ZN6miosix8FileBaseC2ENS_17intrusive_ref_ptrINS_14FilesystemBaseEEE
 .text._ZN6miosix13DirectoryBase8addEntryEPPcS1_icRKNS_10StringPartE
                0x0800ffbc       0x4c miosix\libmiosix.a(file.o)
                0x0800ffbc                _ZN6miosix13DirectoryBase8addEntryEPPcS1_icRKNS_10StringPartE
 .text._ZN6miosix13DirectoryBase17addDefaultEntriesEPPcii
                0x08010008       0x64 miosix\libmiosix.a(file.o)
                0x08010008                _ZN6miosix13DirectoryBase17addDefaultEntriesEPPcii
 .text._ZN6miosix13DirectoryBase19addTerminatingEntryEPPcS1_
                0x0801006c       0x24 miosix\libmiosix.a(file.o)
                0x0801006c                _ZN6miosix13DirectoryBase19addTerminatingEntryEPPcS1_
 .text._ZN6miosix14FilesystemBaseC2Ev
                0x08010090       0x30 miosix\libmiosix.a(file.o)
                0x08010090                _ZN6miosix14FilesystemBaseC2Ev
                0x08010090                _ZN6miosix14FilesystemBaseC1Ev
 .text._ZN6miosix14FilesystemBase13fileCloseHookEv
                0x080100c0       0x30 miosix\libmiosix.a(file.o)
                0x080100c0                _ZN6miosix14FilesystemBase13fileCloseHookEv
 .text._ZN6miosix8FileBaseD2Ev
                0x080100f0       0x68 miosix\libmiosix.a(file.o)
                0x080100f0                _ZN6miosix8FileBaseD2Ev
                0x080100f0                _ZN6miosix8FileBaseD1Ev
 .text._ZN6miosix8FileBaseD0Ev
                0x08010158       0x14 miosix\libmiosix.a(file.o)
                0x08010158                _ZN6miosix8FileBaseD0Ev
 .text._ZN6miosix13DirectoryBaseD2Ev
                0x0801016c       0x14 miosix\libmiosix.a(file.o)
                0x0801016c                _ZN6miosix13DirectoryBaseD1Ev
                0x0801016c                _ZN6miosix13DirectoryBaseD2Ev
 .text._ZN6miosix13DirectoryBaseD0Ev
                0x08010180       0x1c miosix\libmiosix.a(file.o)
                0x08010180                _ZN6miosix13DirectoryBaseD0Ev
 .text._ZN6miosix10StringPartC2ERSsjj
                0x0801019c       0x78 miosix\libmiosix.a(stringpart.o)
                0x0801019c                _ZN6miosix10StringPartC2ERSsjj
                0x0801019c                _ZN6miosix10StringPartC1ERSsjj
 .text._ZN6miosix10StringPartC2EPcjj
                0x08010214       0x64 miosix\libmiosix.a(stringpart.o)
                0x08010214                _ZN6miosix10StringPartC2EPcjj
                0x08010214                _ZN6miosix10StringPartC1EPcjj
 .text._ZN6miosix10StringPartC2EPKc
                0x08010278       0x38 miosix\libmiosix.a(stringpart.o)
                0x08010278                _ZN6miosix10StringPartC1EPKc
                0x08010278                _ZN6miosix10StringPartC2EPKc
 .text._ZNK6miosix10StringPart5c_strEv
                0x080102b0       0x20 miosix\libmiosix.a(stringpart.o)
                0x080102b0                _ZNK6miosix10StringPart5c_strEv
 .text._ZNK6miosix10StringPart10findLastOfEc
                0x080102d0       0x24 miosix\libmiosix.a(stringpart.o)
                0x080102d0                _ZNK6miosix10StringPart10findLastOfEc
 .text._ZNK6miosix10StringPartixEj
                0x080102f4       0x38 miosix\libmiosix.a(stringpart.o)
                0x080102f4                _ZNK6miosix10StringPartixEj
 .text._ZN6miosix10StringPart5clearEv
                0x0801032c       0xa4 miosix\libmiosix.a(stringpart.o)
                0x0801032c                _ZN6miosix10StringPart5clearEv
 .text._ZN6miosix10StringPart6assignERKS0_
                0x080103d0       0x38 miosix\libmiosix.a(stringpart.o)
                0x080103d0                _ZN6miosix10StringPart6assignERKS0_
 .text._ZN6miosix10StringPartC2ERKS0_
                0x08010408       0x28 miosix\libmiosix.a(stringpart.o)
                0x08010408                _ZN6miosix10StringPartC1ERKS0_
                0x08010408                _ZN6miosix10StringPartC2ERKS0_
 .text._ZN6miosix10StringPartC2ERS0_jj
                0x08010430       0xe4 miosix\libmiosix.a(stringpart.o)
                0x08010430                _ZN6miosix10StringPartC1ERS0_jj
                0x08010430                _ZN6miosix10StringPartC2ERS0_jj
 .text._ZN6miosix12MountpointFs6unlinkERNS_10StringPartE
                0x08010514        0x8 miosix\libmiosix.a(mountpointfs.o)
                0x08010514                _ZN6miosix12MountpointFs6unlinkERNS_10StringPartE
 .text._ZNSt8_Rb_treeIN6miosix10StringPartESt4pairIKS1_iESt10_Select1stIS4_ESt4lessIS1_ESaIS4_EE14_M_lower_boundEPSt13_Rb_tree_nodeIS4_ESD_RS3_.isra.11
                0x0801051c       0x34 miosix\libmiosix.a(mountpointfs.o)
 .text._ZN6miosix21MountpointFsDirectoryD2Ev
                0x08010550       0x58 miosix\libmiosix.a(mountpointfs.o)
                0x08010550                _ZN6miosix21MountpointFsDirectoryD1Ev
                0x08010550                _ZN6miosix21MountpointFsDirectoryD2Ev
 .text._ZN6miosix21MountpointFsDirectoryD0Ev
                0x080105a8       0x5c miosix\libmiosix.a(mountpointfs.o)
                0x080105a8                _ZN6miosix21MountpointFsDirectoryD0Ev
 .text._ZNSt8_Rb_treeIN6miosix10StringPartESt4pairIKS1_iESt10_Select1stIS4_ESt4lessIS1_ESaIS4_EE8_M_eraseEPSt13_Rb_tree_nodeIS4_E
                0x08010604       0x28 miosix\libmiosix.a(mountpointfs.o)
                0x08010604                _ZNSt8_Rb_treeIN6miosix10StringPartESt4pairIKS1_iESt10_Select1stIS4_ESt4lessIS1_ESaIS4_EE8_M_eraseEPSt13_Rb_tree_nodeIS4_E
 .text._ZN6miosix12MountpointFsD2Ev
                0x0801062c       0x30 miosix\libmiosix.a(mountpointfs.o)
                0x0801062c                _ZN6miosix12MountpointFsD1Ev
                0x0801062c                _ZN6miosix12MountpointFsD2Ev
 .text._ZN6miosix12MountpointFsD0Ev
                0x0801065c       0x38 miosix\libmiosix.a(mountpointfs.o)
                0x0801065c                _ZN6miosix12MountpointFsD0Ev
 .text._ZNSt8_Rb_treeIN6miosix10StringPartESt4pairIKS1_iESt10_Select1stIS4_ESt4lessIS1_ESaIS4_EE4findERS3_
                0x08010694       0x3c miosix\libmiosix.a(mountpointfs.o)
                0x08010694                _ZNSt8_Rb_treeIN6miosix10StringPartESt4pairIKS1_iESt10_Select1stIS4_ESt4lessIS1_ESaIS4_EE4findERS3_
 .text._ZN6miosix21MountpointFsDirectory8getdentsEPvi
                0x080106d0       0xfc miosix\libmiosix.a(mountpointfs.o)
                0x080106d0                _ZN6miosix21MountpointFsDirectory8getdentsEPvi
 .text._ZN6miosix12MountpointFs5lstatERNS_10StringPartEP4stat
                0x080107cc       0x84 miosix\libmiosix.a(mountpointfs.o)
                0x080107cc                _ZN6miosix12MountpointFs5lstatERNS_10StringPartEP4stat
 .text._ZN6miosix12MountpointFs4openERNS_17intrusive_ref_ptrINS_8FileBaseEEERNS_10StringPartEii
                0x08010850      0x294 miosix\libmiosix.a(mountpointfs.o)
                0x08010850                _ZN6miosix12MountpointFs4openERNS_17intrusive_ref_ptrINS_8FileBaseEEERNS_10StringPartEii
 .text._ZNSt8_Rb_treeIN6miosix10StringPartESt4pairIKS1_iESt10_Select1stIS4_ESt4lessIS1_ESaIS4_EE12_M_erase_auxESt23_Rb_tree_const_iteratorIS4_E
                0x08010ae4       0x24 miosix\libmiosix.a(mountpointfs.o)
                0x08010ae4                _ZNSt8_Rb_treeIN6miosix10StringPartESt4pairIKS1_iESt10_Select1stIS4_ESt4lessIS1_ESaIS4_EE12_M_erase_auxESt23_Rb_tree_const_iteratorIS4_E
 .text._ZNSt8_Rb_treeIN6miosix10StringPartESt4pairIKS1_iESt10_Select1stIS4_ESt4lessIS1_ESaIS4_EE10_M_insert_IS2_IS1_iEEESt17_Rb_tree_iteratorIS4_EPKSt18_Rb_tree_node_baseSH_OT_
                0x08010b08       0x84 miosix\libmiosix.a(mountpointfs.o)
                0x08010b08                _ZNSt8_Rb_treeIN6miosix10StringPartESt4pairIKS1_iESt10_Select1stIS4_ESt4lessIS1_ESaIS4_EE10_M_insert_IS2_IS1_iEEESt17_Rb_tree_iteratorIS4_EPKSt18_Rb_tree_node_baseSH_OT_
 .text._ZNSt8_Rb_treeIN6miosix10StringPartESt4pairIKS1_iESt10_Select1stIS4_ESt4lessIS1_ESaIS4_EE16_M_insert_uniqueIS2_IS1_iEEES2_ISt17_Rb_tree_iteratorIS4_EbEOT_
                0x08010b8c       0x9c miosix\libmiosix.a(mountpointfs.o)
                0x08010b8c                _ZNSt8_Rb_treeIN6miosix10StringPartESt4pairIKS1_iESt10_Select1stIS4_ESt4lessIS1_ESaIS4_EE16_M_insert_uniqueIS2_IS1_iEEES2_ISt17_Rb_tree_iteratorIS4_EbEOT_
 .text._ZN6miosix12MountpointFs5mkdirERNS_10StringPartEi
                0x08010c28       0x90 miosix\libmiosix.a(mountpointfs.o)
                0x08010c28                _ZN6miosix12MountpointFs5mkdirERNS_10StringPartEi
 .text._ZNSt8_Rb_treeIN6miosix10StringPartESt4pairIKS1_iESt10_Select1stIS4_ESt4lessIS1_ESaIS4_EE11equal_rangeERS3_
                0x08010cb8       0xa8 miosix\libmiosix.a(mountpointfs.o)
                0x08010cb8                _ZNSt8_Rb_treeIN6miosix10StringPartESt4pairIKS1_iESt10_Select1stIS4_ESt4lessIS1_ESaIS4_EE11equal_rangeERS3_
 .text._ZN6miosix12MountpointFs5rmdirERNS_10StringPartE
                0x08010d60       0xa0 miosix\libmiosix.a(mountpointfs.o)
                0x08010d60                _ZN6miosix12MountpointFs5rmdirERNS_10StringPartE
 .text._ZNSt8_Rb_treeIN6miosix10StringPartESt4pairIKS1_iESt10_Select1stIS4_ESt4lessIS1_ESaIS4_EE10_M_insert_IS4_EESt17_Rb_tree_iteratorIS4_EPKSt18_Rb_tree_node_baseSG_OT_
                0x08010e00       0x84 miosix\libmiosix.a(mountpointfs.o)
                0x08010e00                _ZNSt8_Rb_treeIN6miosix10StringPartESt4pairIKS1_iESt10_Select1stIS4_ESt4lessIS1_ESaIS4_EE10_M_insert_IS4_EESt17_Rb_tree_iteratorIS4_EPKSt18_Rb_tree_node_baseSG_OT_
 .text._ZNSt8_Rb_treeIN6miosix10StringPartESt4pairIKS1_iESt10_Select1stIS4_ESt4lessIS1_ESaIS4_EE16_M_insert_uniqueIS4_EES2_ISt17_Rb_tree_iteratorIS4_EbEOT_
                0x08010e84       0x9c miosix\libmiosix.a(mountpointfs.o)
                0x08010e84                _ZNSt8_Rb_treeIN6miosix10StringPartESt4pairIKS1_iESt10_Select1stIS4_ESt4lessIS1_ESaIS4_EE16_M_insert_uniqueIS4_EES2_ISt17_Rb_tree_iteratorIS4_EbEOT_
 .text._ZNSt8_Rb_treeIN6miosix10StringPartESt4pairIKS1_iESt10_Select1stIS4_ESt4lessIS1_ESaIS4_EE17_M_insert_unique_IS4_EESt17_Rb_tree_iteratorIS4_ESt23_Rb_tree_const_iteratorIS4_EOT_